Component: Arm Compiler for Embedded 6.24 Tool: armlink [5f371500]

==============================================================================

Section Cross References

    startup_stm32h723xx.o(STACK) refers (Special) to heapauxi.o(.text) for __use_two_region_memory
    startup_stm32h723xx.o(HEAP) refers (Special) to heapauxi.o(.text) for __use_two_region_memory
    startup_stm32h723xx.o(RESET) refers (Special) to heapauxi.o(.text) for __use_two_region_memory
    startup_stm32h723xx.o(RESET) refers to startup_stm32h723xx.o(STACK) for __initial_sp
    startup_stm32h723xx.o(RESET) refers to startup_stm32h723xx.o(.text) for Reset_Handler
    startup_stm32h723xx.o(RESET) refers to stm32h7xx_it.o(.text.NMI_Handler) for NMI_Handler
    startup_stm32h723xx.o(RESET) refers to stm32h7xx_it.o(.text.HardFault_Handler) for HardFault_Handler
    startup_stm32h723xx.o(RESET) refers to stm32h7xx_it.o(.text.MemManage_Handler) for MemManage_Handler
    startup_stm32h723xx.o(RESET) refers to stm32h7xx_it.o(.text.BusFault_Handler) for BusFault_Handler
    startup_stm32h723xx.o(RESET) refers to stm32h7xx_it.o(.text.UsageFault_Handler) for UsageFault_Handler
    startup_stm32h723xx.o(RESET) refers to stm32h7xx_it.o(.text.SVC_Handler) for SVC_Handler
    startup_stm32h723xx.o(RESET) refers to stm32h7xx_it.o(.text.DebugMon_Handler) for DebugMon_Handler
    startup_stm32h723xx.o(RESET) refers to stm32h7xx_it.o(.text.PendSV_Handler) for PendSV_Handler
    startup_stm32h723xx.o(RESET) refers to stm32h7xx_it.o(.text.SysTick_Handler) for SysTick_Handler
    startup_stm32h723xx.o(.text) refers (Special) to heapauxi.o(.text) for __use_two_region_memory
    startup_stm32h723xx.o(.text) refers to system_stm32h7xx.o(.text.ExitRun0Mode) for ExitRun0Mode
    startup_stm32h723xx.o(.text) refers to system_stm32h7xx.o(.text.SystemInit) for SystemInit
    startup_stm32h723xx.o(.text) refers to __main.o(!!!main) for __main
    startup_stm32h723xx.o(.text) refers to startup_stm32h723xx.o(HEAP) for Heap_Mem
    startup_stm32h723xx.o(.text) refers to startup_stm32h723xx.o(STACK) for Stack_Mem
    main.o(.text.main) refers to main.o(.text.MPU_Config) for MPU_Config
    main.o(.text.main) refers to stm32h7xx_hal.o(.text.HAL_Init) for HAL_Init
    main.o(.text.main) refers to main.o(.text.SystemClock_Config) for SystemClock_Config
    main.o(.text.main) refers to main.o(.text.MX_GPIO_Init) for MX_GPIO_Init
    main.o(.ARM.exidx.text.main) refers to main.o(.text.main) for [Anonymous Symbol]
    main.o(.text.MPU_Config) refers to stm32h7xx_hal_cortex.o(.text.HAL_MPU_Disable) for HAL_MPU_Disable
    main.o(.text.MPU_Config) refers to stm32h7xx_hal_cortex.o(.text.HAL_MPU_ConfigRegion) for HAL_MPU_ConfigRegion
    main.o(.text.MPU_Config) refers to stm32h7xx_hal_cortex.o(.text.HAL_MPU_Enable) for HAL_MPU_Enable
    main.o(.ARM.exidx.text.MPU_Config) refers to main.o(.text.MPU_Config) for [Anonymous Symbol]
    main.o(.text.SystemClock_Config) refers to rt_memclr_w.o(.text) for __aeabi_memclr4
    main.o(.text.SystemClock_Config) refers to stm32h7xx_hal_pwr_ex.o(.text.HAL_PWREx_ConfigSupply) for HAL_PWREx_ConfigSupply
    main.o(.text.SystemClock_Config) refers to stm32h7xx_hal_rcc.o(.text.HAL_RCC_OscConfig) for HAL_RCC_OscConfig
    main.o(.text.SystemClock_Config) refers to main.o(.text.Error_Handler) for Error_Handler
    main.o(.text.SystemClock_Config) refers to stm32h7xx_hal_rcc.o(.text.HAL_RCC_ClockConfig) for HAL_RCC_ClockConfig
    main.o(.ARM.exidx.text.SystemClock_Config) refers to main.o(.text.SystemClock_Config) for [Anonymous Symbol]
    main.o(.text.MX_GPIO_Init) refers to stm32h7xx_hal_gpio.o(.text.HAL_GPIO_WritePin) for HAL_GPIO_WritePin
    main.o(.text.MX_GPIO_Init) refers to stm32h7xx_hal_gpio.o(.text.HAL_GPIO_Init) for HAL_GPIO_Init
    main.o(.ARM.exidx.text.MX_GPIO_Init) refers to main.o(.text.MX_GPIO_Init) for [Anonymous Symbol]
    main.o(.ARM.exidx.text.Error_Handler) refers to main.o(.text.Error_Handler) for [Anonymous Symbol]
    stm32h7xx_it.o(.ARM.exidx.text.NMI_Handler) refers to stm32h7xx_it.o(.text.NMI_Handler) for [Anonymous Symbol]
    stm32h7xx_it.o(.ARM.exidx.text.HardFault_Handler) refers to stm32h7xx_it.o(.text.HardFault_Handler) for [Anonymous Symbol]
    stm32h7xx_it.o(.ARM.exidx.text.MemManage_Handler) refers to stm32h7xx_it.o(.text.MemManage_Handler) for [Anonymous Symbol]
    stm32h7xx_it.o(.ARM.exidx.text.BusFault_Handler) refers to stm32h7xx_it.o(.text.BusFault_Handler) for [Anonymous Symbol]
    stm32h7xx_it.o(.ARM.exidx.text.UsageFault_Handler) refers to stm32h7xx_it.o(.text.UsageFault_Handler) for [Anonymous Symbol]
    stm32h7xx_it.o(.ARM.exidx.text.SVC_Handler) refers to stm32h7xx_it.o(.text.SVC_Handler) for [Anonymous Symbol]
    stm32h7xx_it.o(.ARM.exidx.text.DebugMon_Handler) refers to stm32h7xx_it.o(.text.DebugMon_Handler) for [Anonymous Symbol]
    stm32h7xx_it.o(.ARM.exidx.text.PendSV_Handler) refers to stm32h7xx_it.o(.text.PendSV_Handler) for [Anonymous Symbol]
[...]
    Removing stm32h7xx_hal.o(.ARM.exidx.text.HAL_MspInit), (8 bytes).
    Removing stm32h7xx_hal.o(.text.HAL_DeInit), (192 bytes).
    Removing stm32h7xx_hal.o(.ARM.exidx.text.HAL_DeInit), (8 bytes).
    Removing stm32h7xx_hal.o(.text.HAL_MspDeInit), (2 bytes).
    Removing stm32h7xx_hal.o(.ARM.exidx.text.HAL_MspDeInit), (8 bytes).
    Removing stm32h7xx_hal.o(.ARM.exidx.text.HAL_IncTick), (8 bytes).
    Removing stm32h7xx_hal.o(.ARM.exidx.text.HAL_GetTick), (8 bytes).
    Removing stm32h7xx_hal.o(.text.HAL_GetTickPrio), (12 bytes).
    Removing stm32h7xx_hal.o(.ARM.exidx.text.HAL_GetTickPrio), (8 bytes).
    Removing stm32h7xx_hal.o(.text.HAL_SetTickFreq), (106 bytes).
    Removing stm32h7xx_hal.o(.ARM.exidx.text.HAL_SetTickFreq), (8 bytes).
    Removing stm32h7xx_hal.o(.text.HAL_GetTickFreq), (12 bytes).
    Removing stm32h7xx_hal.o(.ARM.exidx.text.HAL_GetTickFreq), (8 bytes).
    Removing stm32h7xx_hal.o(.text.HAL_Delay), (66 bytes).
    Removing stm32h7xx_hal.o(.ARM.exidx.text.HAL_Delay), (8 bytes).
    Removing stm32h7xx_hal.o(.text.HAL_SuspendTick), (18 bytes).
    Removing stm32h7xx_hal.o(.ARM.exidx.text.HAL_SuspendTick), (8 bytes).
    Removing stm32h7xx_hal.o(.text.HAL_ResumeTick), (18 bytes).
    Removing stm32h7xx_hal.o(.ARM.exidx.text.HAL_ResumeTick), (8 bytes).
    Removing stm32h7xx_hal.o(.text.HAL_GetHalVersion), (10 bytes).
    Removing stm32h7xx_hal.o(.ARM.exidx.text.HAL_GetHalVersion), (8 bytes).
    Removing stm32h7xx_hal.o(.text.HAL_GetREVID), (14 bytes).
    Removing stm32h7xx_hal.o(.ARM.exidx.text.HAL_GetREVID), (8 bytes).
    Removing stm32h7xx_hal.o(.text.HAL_GetDEVID), (16 bytes).
    Removing stm32h7xx_hal.o(.ARM.exidx.text.HAL_GetDEVID), (8 bytes).
    Removing stm32h7xx_hal.o(.text.HAL_GetUIDw0), (12 bytes).
    Removing stm32h7xx_hal.o(.ARM.exidx.text.HAL_GetUIDw0), (8 bytes).
    Removing stm32h7xx_hal.o(.text.HAL_GetUIDw1), (12 bytes).
    Removing stm32h7xx_hal.o(.ARM.exidx.text.HAL_GetUIDw1), (8 bytes).
    Removing stm32h7xx_hal.o(.text.HAL_GetUIDw2), (12 bytes).
    Removing stm32h7xx_hal.o(.ARM.exidx.text.HAL_GetUIDw2), (8 bytes).
    Removing stm32h7xx_hal.o(.text.HAL_SYSCFG_VREFBUF_VoltageScalingConfig), (28 bytes).
    Removing stm32h7xx_hal.o(.ARM.exidx.text.HAL_SYSCFG_VREFBUF_VoltageScalingConfig), (8 bytes).
    Removing stm32h7xx_hal.o(.text.HAL_SYSCFG_VREFBUF_HighImpedanceConfig), (28 bytes).
    Removing stm32h7xx_hal.o(.ARM.exidx.text.HAL_SYSCFG_VREFBUF_HighImpedanceConfig), (8 bytes).
    Removing stm32h7xx_hal.o(.text.HAL_SYSCFG_VREFBUF_TrimmingConfig), (28 bytes).
    Removing stm32h7xx_hal.o(.ARM.exidx.text.HAL_SYSCFG_VREFBUF_TrimmingConfig), (8 bytes).
    Removing stm32h7xx_hal.o(.text.HAL_SYSCFG_EnableVREFBUF), (86 bytes).
    Removing stm32h7xx_hal.o(.ARM.exidx.text.HAL_SYSCFG_EnableVREFBUF), (8 bytes).
    Removing stm32h7xx_hal.o(.text.HAL_SYSCFG_DisableVREFBUF), (18 bytes).
    Removing stm32h7xx_hal.o(.ARM.exidx.text.HAL_SYSCFG_DisableVREFBUF), (8 bytes).
    Removing stm32h7xx_hal.o(.text.HAL_SYSCFG_ETHInterfaceSelect), (28 bytes).
    Removing stm32h7xx_hal.o(.ARM.exidx.text.HAL_SYSCFG_ETHInterfaceSelect), (8 bytes).
    Removing stm32h7xx_hal.o(.text.HAL_SYSCFG_AnalogSwitchConfig), (30 bytes).
    Removing stm32h7xx_hal.o(.ARM.exidx.text.HAL_SYSCFG_AnalogSwitchConfig), (8 bytes).
    Removing stm32h7xx_hal.o(.text.HAL_SYSCFG_EnableBOOST), (18 bytes).
    Removing stm32h7xx_hal.o(.ARM.exidx.text.HAL_SYSCFG_EnableBOOST), (8 bytes).
    Removing stm32h7xx_hal.o(.text.HAL_SYSCFG_DisableBOOST), (18 bytes).
    Removing stm32h7xx_hal.o(.ARM.exidx.text.HAL_SYSCFG_DisableBOOST), (8 bytes).
    Removing stm32h7xx_hal.o(.text.HAL_SYSCFG_CM7BootAddConfig), (64 bytes).
    Removing stm32h7xx_hal.o(.ARM.exidx.text.HAL_SYSCFG_CM7BootAddConfig), (8 bytes).
    Removing stm32h7xx_hal.o(.text.HAL_EnableCompensationCell), (18 bytes).
    Removing stm32h7xx_hal.o(.ARM.exidx.text.HAL_EnableCompensationCell), (8 bytes).
    Removing stm32h7xx_hal.o(.text.HAL_DisableCompensationCell), (18 bytes).
    Removing stm32h7xx_hal.o(.ARM.exidx.text.HAL_DisableCompensationCell), (8 bytes).
    Removing stm32h7xx_hal.o(.text.HAL_SYSCFG_EnableIOSpeedOptimize), (18 bytes).
    Removing stm32h7xx_hal.o(.ARM.exidx.text.HAL_SYSCFG_EnableIOSpeedOptimize), (8 bytes).
    Removing stm32h7xx_hal.o(.text.HAL_SYSCFG_DisableIOSpeedOptimize), (18 bytes).
    Removing stm32h7xx_hal.o(.ARM.exidx.text.HAL_SYSCFG_DisableIOSpeedOptimize), (8 bytes).
    Removing stm32h7xx_hal.o(.text.HAL_SYSCFG_CompensationCodeSelect), (28 bytes).
    Removing stm32h7xx_hal.o(.ARM.exidx.text.HAL_SYSCFG_CompensationCodeSelect), (8 bytes).
    Removing stm32h7xx_hal.o(.text.HAL_SYSCFG_CompensationCodeConfig), (36 bytes).
    Removing stm32h7xx_hal.o(.ARM.exidx.text.HAL_SYSCFG_CompensationCodeConfig), (8 bytes).
    Removing stm32h7xx_hal.o(.text.HAL_SYSCFG_ADC2ALT_Rout0Config), (28 bytes).
    Removing stm32h7xx_hal.o(.ARM.exidx.text.HAL_SYSCFG_ADC2ALT_Rout0Config), (8 bytes).
    Removing stm32h7xx_hal.o(.text.HAL_SYSCFG_ADC2ALT_Rout1Config), (28 bytes).
    Removing stm32h7xx_hal.o(.ARM.exidx.text.HAL_SYSCFG_ADC2ALT_Rout1Config), (8 bytes).
    Removing stm32h7xx_hal.o(.text.HAL_DBGMCU_EnableDBGSleepMode), (18 bytes).
    Removing stm32h7xx_hal.o(.ARM.exidx.text.HAL_DBGMCU_EnableDBGSleepMode), (8 bytes).
    Removing stm32h7xx_hal.o(.text.HAL_DBGMCU_DisableDBGSleepMode), (18 bytes).
    Removing stm32h7xx_hal.o(.ARM.exidx.text.HAL_DBGMCU_DisableDBGSleepMode), (8 bytes).
    Removing stm32h7xx_hal.o(.text.HAL_DBGMCU_EnableDBGStopMode), (18 bytes).
    Removing stm32h7xx_hal.o(.ARM.exidx.text.HAL_DBGMCU_EnableDBGStopMode), (8 bytes).
    Removing stm32h7xx_hal.o(.text.HAL_DBGMCU_DisableDBGStopMode), (18 bytes).
    Removing stm32h7xx_hal.o(.ARM.exidx.text.HAL_DBGMCU_DisableDBGStopMode), (8 bytes).
    Removing stm32h7xx_hal.o(.text.HAL_DBGMCU_EnableDBGStandbyMode), (18 bytes).
    Removing stm32h7xx_hal.o(.ARM.exidx.text.HAL_DBGMCU_EnableDBGStandbyMode), (8 bytes).
    Removing stm32h7xx_hal.o(.text.HAL_DBGMCU_DisableDBGStandbyMode), (18 bytes).
    Removing stm32h7xx_hal.o(.ARM.exidx.text.HAL_DBGMCU_DisableDBGStandbyMode), (8 bytes).
    Removing stm32h7xx_hal.o(.text.HAL_EnableDomain3DBGStopMode), (18 bytes).
    Removing stm32h7xx_hal.o(.ARM.exidx.text.HAL_EnableDomain3DBGStopMode), (8 bytes).
    Removing stm32h7xx_hal.o(.text.HAL_DisableDomain3DBGStopMode), (18 bytes).
    Removing stm32h7xx_hal.o(.ARM.exidx.text.HAL_DisableDomain3DBGStopMode), (8 bytes).
    Removing stm32h7xx_hal.o(.text.HAL_EnableDomain3DBGStandbyMode), (18 bytes).
    Removing stm32h7xx_hal.o(.ARM.exidx.text.HAL_EnableDomain3DBGStandbyMode), (8 bytes).
    Removing stm32h7xx_hal.o(.text.HAL_DisableDomain3DBGStandbyMode), (18 bytes).
    Removing stm32h7xx_hal.o(.ARM.exidx.text.HAL_DisableDomain3DBGStandbyMode), (8 bytes).
    Removing stm32h7xx_hal.o(.text.HAL_SetFMCMemorySwappingConfig), (28 bytes).
    Removing stm32h7xx_hal.o(.ARM.exidx.text.HAL_SetFMCMemorySwappingConfig), (8 bytes).
    Removing stm32h7xx_hal.o(.text.HAL_GetFMCMemorySwappingConfig), (16 bytes).
    Removing stm32h7xx_hal.o(.ARM.exidx.text.HAL_GetFMCMemorySwappingConfig), (8 bytes).
    Removing stm32h7xx_hal.o(.text.HAL_EXTI_EdgeConfig), (146 bytes).
    Removing stm32h7xx_hal.o(.ARM.exidx.text.HAL_EXTI_EdgeConfig), (8 bytes).
    Removing stm32h7xx_hal.o(.text.HAL_EXTI_GenerateSWInterrupt), (36 bytes).
    Removing stm32h7xx_hal.o(.ARM.exidx.text.HAL_EXTI_GenerateSWInterrupt), (8 bytes).
    Removing stm32h7xx_hal.o(.text.HAL_EXTI_D1_ClearFlag), (34 bytes).
    Removing stm32h7xx_hal.o(.ARM.exidx.text.HAL_EXTI_D1_ClearFlag), (8 bytes).
    Removing stm32h7xx_hal.o(.text.HAL_EXTI_D1_EventInputConfig), (186 bytes).
    Removing stm32h7xx_hal.o(.ARM.exidx.text.HAL_EXTI_D1_EventInputConfig), (8 bytes).
    Removing stm32h7xx_hal.o(.text.HAL_EXTI_D3_EventInputConfig), (152 bytes).
    Removing stm32h7xx_hal.o(.ARM.exidx.text.HAL_EXTI_D3_EventInputConfig), (8 bytes).
    Removing stm32h7xx_hal_i2c.o(.text), (0 bytes).
    Removing stm32h7xx_hal_i2c.o(.text.HAL_I2C_Init), (276 bytes).
    Removing stm32h7xx_hal_i2c.o(.ARM.exidx.text.HAL_I2C_Init), (8 bytes).
    Removing stm32h7xx_hal_i2c.o(.text.HAL_I2C_MspInit), (8 bytes).
    Removing stm32h7xx_hal_i2c.o(.ARM.exidx.text.HAL_I2C_MspInit), (8 bytes).
    Removing stm32h7xx_hal_i2c.o(.text.HAL_I2C_DeInit), (96 bytes).
    Removing stm32h7xx_hal_i2c.o(.ARM.exidx.text.HAL_I2C_DeInit), (8 bytes).
    Removing stm32h7xx_hal_i2c.o(.text.HAL_I2C_MspDeInit), (8 bytes).
    Removing stm32h7xx_hal_i2c.o(.ARM.exidx.text.HAL_I2C_MspDeInit), (8 bytes).
    Removing stm32h7xx_hal_i2c.o(.text.HAL_I2C_Master_Transmit), (594 bytes).
    Removing stm32h7xx_hal_i2c.o(.ARM.exidx.text.HAL_I2C_Master_Transmit), (8 bytes).
    Removing stm32h7xx_hal_i2c.o(.text.I2C_WaitOnFlagUntilTimeout), (196 bytes).
    Removing stm32h7xx_hal_i2c.o(.ARM.exidx.text.I2C_WaitOnFlagUntilTimeout), (8 bytes).
    Removing stm32h7xx_hal_i2c.o(.text.I2C_TransferConfig), (84 bytes).
    Removing stm32h7xx_hal_i2c.o(.ARM.exidx.text.I2C_TransferConfig), (8 bytes).
    Removing stm32h7xx_hal_i2c.o(.text.I2C_WaitOnTXISFlagUntilTimeout), (172 bytes).
    Removing stm32h7xx_hal_i2c.o(.ARM.exidx.text.I2C_WaitOnTXISFlagUntilTimeout), (8 bytes).
    Removing stm32h7xx_hal_i2c.o(.text.I2C_WaitOnSTOPFlagUntilTimeout), (162 bytes).
    Removing stm32h7xx_hal_i2c.o(.ARM.exidx.text.I2C_WaitOnSTOPFlagUntilTimeout), (8 bytes).
    Removing stm32h7xx_hal_i2c.o(.text.HAL_I2C_Master_Receive), (540 bytes).
    Removing stm32h7xx_hal_i2c.o(.ARM.exidx.text.HAL_I2C_Master_Receive), (8 bytes).
    Removing stm32h7xx_hal_i2c.o(.text.I2C_WaitOnRXNEFlagUntilTimeout), (360 bytes).
    Removing stm32h7xx_hal_i2c.o(.ARM.exidx.text.I2C_WaitOnRXNEFlagUntilTimeout), (8 bytes).
    Removing stm32h7xx_hal_i2c.o(.text.HAL_I2C_Slave_Transmit), (688 bytes).
    Removing stm32h7xx_hal_i2c.o(.ARM.exidx.text.HAL_I2C_Slave_Transmit), (8 bytes).
    Removing stm32h7xx_hal_i2c.o(.text.I2C_Flush_TXDR), (64 bytes).
    Removing stm32h7xx_hal_i2c.o(.ARM.exidx.text.I2C_Flush_TXDR), (8 bytes).
    Removing stm32h7xx_hal_i2c.o(.text.HAL_I2C_Slave_Receive), (544 bytes).
    Removing stm32h7xx_hal_i2c.o(.ARM.exidx.text.HAL_I2C_Slave_Receive), (8 bytes).
    Removing stm32h7xx_hal_i2c.o(.text.HAL_I2C_Master_Transmit_IT), (342 bytes).
    Removing stm32h7xx_hal_i2c.o(.ARM.exidx.text.HAL_I2C_Master_Transmit_IT), (8 bytes).
    Removing stm32h7xx_hal_i2c.o(.text.I2C_Master_ISR_IT), (720 bytes).
    Removing stm32h7xx_hal_i2c.o(.ARM.exidx.text.I2C_Master_ISR_IT), (8 bytes).
    Removing stm32h7xx_hal_i2c.o(.text.I2C_Enable_IRQ), (314 bytes).
    Removing stm32h7xx_hal_i2c.o(.ARM.exidx.text.I2C_Enable_IRQ), (8 bytes).
    Removing stm32h7xx_hal_i2c.o(.text.HAL_I2C_Master_Receive_IT), (262 bytes).
    Removing stm32h7xx_hal_i2c.o(.ARM.exidx.text.HAL_I2C_Master_Receive_IT), (8 bytes).
    Removing stm32h7xx_hal_i2c.o(.text.HAL_I2C_Slave_Transmit_IT), (230 bytes).
    Removing stm32h7xx_hal_i2c.o(.ARM.exidx.text.HAL_I2C_Slave_Transmit_IT), (8 bytes).
    Removing stm32h7xx_hal_i2c.o(.text.I2C_Slave_ISR_IT), (584 bytes).
    Removing stm32h7xx_hal_i2c.o(.ARM.exidx.text.I2C_Slave_ISR_IT), (8 bytes).
    Removing stm32h7xx_hal_i2c.o(.text.HAL_I2C_Slave_Receive_IT), (182 bytes).
    Removing stm32h7xx_hal_i2c.o(.ARM.exidx.text.HAL_I2C_Slave_Receive_IT), (8 bytes).
    Removing stm32h7xx_hal_i2c.o(.text.HAL_I2C_Master_Transmit_DMA), (594 bytes).
    Removing stm32h7xx_hal_i2c.o(.ARM.exidx.text.HAL_I2C_Master_Transmit_DMA), (8 bytes).
    Removing stm32h7xx_hal_i2c.o(.text.I2C_Master_ISR_DMA), (558 bytes).
    Removing stm32h7xx_hal_i2c.o(.ARM.exidx.text.I2C_Master_ISR_DMA), (8 bytes).
    Removing stm32h7xx_hal_i2c.o(.text.I2C_DMAMasterTransmitCplt), (128 bytes).
    Removing stm32h7xx_hal_i2c.o(.ARM.exidx.text.I2C_DMAMasterTransmitCplt), (8 bytes).
    Removing stm32h7xx_hal_i2c.o(.text.I2C_DMAError), (776 bytes).
    Removing stm32h7xx_hal_i2c.o(.ARM.exidx.text.I2C_DMAError), (8 bytes).
    Removing stm32h7xx_hal_i2c.o(.text.HAL_I2C_Master_Receive_DMA), (538 bytes).
    Removing stm32h7xx_hal_i2c.o(.ARM.exidx.text.HAL_I2C_Master_Receive_DMA), (8 bytes).
    Removing stm32h7xx_hal_i2c.o(.text.I2C_DMAMasterReceiveCplt), (128 bytes).
    Removing stm32h7xx_hal_i2c.o(.ARM.exidx.text.I2C_DMAMasterReceiveCplt), (8 bytes).
    Removing stm32h7xx_hal_i2c.o(.text.HAL_I2C_Slave_Transmit_DMA), (496 bytes).
    Removing stm32h7xx_hal_i2c.o(.ARM.exidx.text.HAL_I2C_Slave_Transmit_DMA), (8 bytes).
    Removing stm32h7xx_hal_i2c.o(.text.I2C_Slave_ISR_DMA), (1238 bytes).
    Removing stm32h7xx_hal_i2c.o(.ARM.exidx.text.I2C_Slave_ISR_DMA), (8 bytes).
    Removing stm32h7xx_hal_i2c.o(.text.I2C_DMASlaveTransmitCplt), (60 bytes).
    Removing stm32h7xx_hal_i2c.o(.ARM.exidx.text.I2C_DMASlaveTransmitCplt), (8 bytes).
    Removing stm32h7xx_hal_i2c.o(.text.HAL_I2C_Slave_Receive_DMA), (400 bytes).
    Removing stm32h7xx_hal_i2c.o(.ARM.exidx.text.HAL_I2C_Slave_Receive_DMA), (8 bytes).
    Removing stm32h7xx_hal_i2c.o(.text.I2C_DMASlaveReceiveCplt), (392 bytes).
    Removing stm32h7xx_hal_i2c.o(.ARM.exidx.text.I2C_DMASlaveReceiveCplt), (8 bytes).
    Removing stm32h7xx_hal_i2c.o(.text.HAL_I2C_Mem_Write), (628 bytes).
    Removing stm32h7xx_hal_i2c.o(.ARM.exidx.text.HAL_I2C_Mem_Write), (8 bytes).
    Removing stm32h7xx_hal_i2c.o(.text.I2C_RequestMemoryWrite), (192 bytes).
    Removing stm32h7xx_hal_i2c.o(.ARM.exidx.text.I2C_RequestMemoryWrite), (8 bytes).
    Removing stm32h7xx_hal_i2c.o(.text.HAL_I2C_Mem_Read), (650 bytes).
    Removing stm32h7xx_hal_i2c.o(.ARM.exidx.text.HAL_I2C_Mem_Read), (8 bytes).
    Removing stm32h7xx_hal_i2c.o(.text.I2C_RequestMemoryRead), (190 bytes).
    Removing stm32h7xx_hal_i2c.o(.ARM.exidx.text.I2C_RequestMemoryRead), (8 bytes).
    Removing stm32h7xx_hal_i2c.o(.text.HAL_I2C_Mem_Write_IT), (332 bytes).
    Removing stm32h7xx_hal_i2c.o(.ARM.exidx.text.HAL_I2C_Mem_Write_IT), (8 bytes).
    Removing stm32h7xx_hal_i2c.o(.text.I2C_Mem_ISR_IT), (702 bytes).
    Removing stm32h7xx_hal_i2c.o(.ARM.exidx.text.I2C_Mem_ISR_IT), (8 bytes).
    Removing stm32h7xx_hal_i2c.o(.text.HAL_I2C_Mem_Read_IT), (326 bytes).
    Removing stm32h7xx_hal_i2c.o(.ARM.exidx.text.HAL_I2C_Mem_Read_IT), (8 bytes).
    Removing stm32h7xx_hal_i2c.o(.text.HAL_I2C_Mem_Write_DMA), (532 bytes).
    Removing stm32h7xx_hal_i2c.o(.ARM.exidx.text.HAL_I2C_Mem_Write_DMA), (8 bytes).
    Removing stm32h7xx_hal_i2c.o(.text.I2C_Mem_ISR_DMA), (686 bytes).
    Removing stm32h7xx_hal_i2c.o(.ARM.exidx.text.I2C_Mem_ISR_DMA), (8 bytes).
    Removing stm32h7xx_hal_i2c.o(.text.HAL_I2C_Mem_Read_DMA), (530 bytes).
    Removing stm32h7xx_hal_i2c.o(.ARM.exidx.text.HAL_I2C_Mem_Read_DMA), (8 bytes).
    Removing stm32h7xx_hal_i2c.o(.text.HAL_I2C_IsDeviceReady), (598 bytes).
    Removing stm32h7xx_hal_i2c.o(.ARM.exidx.text.HAL_I2C_IsDeviceReady), (8 bytes).
    Removing stm32h7xx_hal_i2c.o(.text.HAL_I2C_Master_Seq_Transmit_IT), (438 bytes).
    Removing stm32h7xx_hal_i2c.o(.ARM.exidx.text.HAL_I2C_Master_Seq_Transmit_IT), (8 bytes).
    Removing stm32h7xx_hal_i2c.o(.text.I2C_ConvertOtherXferOptions), (52 bytes).
    Removing stm32h7xx_hal_i2c.o(.ARM.exidx.text.I2C_ConvertOtherXferOptions), (8 bytes).
    Removing stm32h7xx_hal_i2c.o(.text.HAL_I2C_Master_Seq_Transmit_DMA), (754 bytes).
    Removing stm32h7xx_hal_i2c.o(.ARM.exidx.text.HAL_I2C_Master_Seq_Transmit_DMA), (8 bytes).
    Removing stm32h7xx_hal_i2c.o(.text.HAL_I2C_Master_Seq_Receive_IT), (322 bytes).
    Removing stm32h7xx_hal_i2c.o(.ARM.exidx.text.HAL_I2C_Master_Seq_Receive_IT), (8 bytes).
    Removing stm32h7xx_hal_i2c.o(.text.HAL_I2C_Master_Seq_Receive_DMA), (596 bytes).
    Removing stm32h7xx_hal_i2c.o(.ARM.exidx.text.HAL_I2C_Master_Seq_Receive_DMA), (8 bytes).
    Removing stm32h7xx_hal_i2c.o(.text.HAL_I2C_Slave_Seq_Transmit_IT), (374 bytes).
    Removing stm32h7xx_hal_i2c.o(.ARM.exidx.text.HAL_I2C_Slave_Seq_Transmit_IT), (8 bytes).
    Removing stm32h7xx_hal_i2c.o(.text.I2C_Disable_IRQ), (204 bytes).
    Removing stm32h7xx_hal_i2c.o(.ARM.exidx.text.I2C_Disable_IRQ), (8 bytes).
    Removing stm32h7xx_hal_i2c.o(.text.I2C_DMAAbort), (58 bytes).
    Removing stm32h7xx_hal_i2c.o(.ARM.exidx.text.I2C_DMAAbort), (8 bytes).
    Removing stm32h7xx_hal_i2c.o(.text.HAL_I2C_Slave_Seq_Transmit_DMA), (668 bytes).
    Removing stm32h7xx_hal_i2c.o(.ARM.exidx.text.HAL_I2C_Slave_Seq_Transmit_DMA), (8 bytes).
    Removing stm32h7xx_hal_i2c.o(.text.HAL_I2C_Slave_Seq_Receive_IT), (372 bytes).
    Removing stm32h7xx_hal_i2c.o(.ARM.exidx.text.HAL_I2C_Slave_Seq_Receive_IT), (8 bytes).
    Removing stm32h7xx_hal_i2c.o(.text.HAL_I2C_Slave_Seq_Receive_DMA), (668 bytes).
    Removing stm32h7xx_hal_i2c.o(.ARM.exidx.text.HAL_I2C_Slave_Seq_Receive_DMA), (8 bytes).
    Removing stm32h7xx_hal_i2c.o(.text.HAL_I2C_EnableListen_IT), (72 bytes).
    Removing stm32h7xx_hal_i2c.o(.ARM.exidx.text.HAL_I2C_EnableListen_IT), (8 bytes).
    Removing stm32h7xx_hal_i2c.o(.text.HAL_I2C_DisableListen_IT), (100 bytes).
    Removing stm32h7xx_hal_i2c.o(.ARM.exidx.text.HAL_I2C_DisableListen_IT), (8 bytes).
    Removing stm32h7xx_hal_i2c.o(.text.HAL_I2C_Master_Abort_IT), (214 bytes).
    Removing stm32h7xx_hal_i2c.o(.ARM.exidx.text.HAL_I2C_Master_Abort_IT), (8 bytes).
    Removing stm32h7xx_hal_i2c.o(.text.HAL_I2C_EV_IRQHandler), (46 bytes).
    Removing stm32h7xx_hal_i2c.o(.ARM.exidx.text.HAL_I2C_EV_IRQHandler), (8 bytes).
    Removing stm32h7xx_hal_i2c.o(.text.HAL_I2C_ER_IRQHandler), (208 bytes).
    Removing stm32h7xx_hal_i2c.o(.ARM.exidx.text.HAL_I2C_ER_IRQHandler), (8 bytes).
    Removing stm32h7xx_hal_i2c.o(.text.I2C_ITError), (498 bytes).
    Removing stm32h7xx_hal_i2c.o(.ARM.exidx.text.I2C_ITError), (8 bytes).
    Removing stm32h7xx_hal_i2c.o(.text.HAL_I2C_MasterTxCpltCallback), (8 bytes).
    Removing stm32h7xx_hal_i2c.o(.ARM.exidx.text.HAL_I2C_MasterTxCpltCallback), (8 bytes).
    Removing stm32h7xx_hal_i2c.o(.text.HAL_I2C_MasterRxCpltCallback), (8 bytes).
    Removing stm32h7xx_hal_i2c.o(.ARM.exidx.text.HAL_I2C_MasterRxCpltCallback), (8 bytes).
    Removing stm32h7xx_hal_i2c.o(.text.HAL_I2C_SlaveTxCpltCallback), (8 bytes).
    Removing stm32h7xx_hal_i2c.o(.ARM.exidx.text.HAL_I2C_SlaveTxCpltCallback), (8 bytes).
    Removing stm32h7xx_hal_i2c.o(.text.HAL_I2C_SlaveRxCpltCallback), (8 bytes).
    Removing stm32h7xx_hal_i2c.o(.ARM.exidx.text.HAL_I2C_SlaveRxCpltCallback), (8 bytes).
    Removing stm32h7xx_hal_i2c.o(.text.HAL_I2C_AddrCallback), (16 bytes).
    Removing stm32h7xx_hal_i2c.o(.ARM.exidx.text.HAL_I2C_AddrCallback), (8 bytes).
    Removing stm32h7xx_hal_i2c.o(.text.HAL_I2C_ListenCpltCallback), (8 bytes).
    Removing stm32h7xx_hal_i2c.o(.ARM.exidx.text.HAL_I2C_ListenCpltCallback), (8 bytes).
    Removing stm32h7xx_hal_i2c.o(.text.HAL_I2C_MemTxCpltCallback), (8 bytes).
    Removing stm32h7xx_hal_i2c.o(.ARM.exidx.text.HAL_I2C_MemTxCpltCallback), (8 bytes).
    Removing stm32h7xx_hal_i2c.o(.text.HAL_I2C_MemRxCpltCallback), (8 bytes).
    Removing stm32h7xx_hal_i2c.o(.ARM.exidx.text.HAL_I2C_MemRxCpltCallback), (8 bytes).
    Removing stm32h7xx_hal_i2c.o(.text.HAL_I2C_ErrorCallback), (8 bytes).
    Removing stm32h7xx_hal_i2c.o(.ARM.exidx.text.HAL_I2C_ErrorCallback), (8 bytes).
    Removing stm32h7xx_hal_i2c.o(.text.HAL_I2C_AbortCpltCallback), (8 bytes).
    Removing stm32h7xx_hal_i2c.o(.ARM.exidx.text.HAL_I2C_AbortCpltCallback), (8 bytes).
    Removing stm32h7xx_hal_i2c.o(.text.HAL_I2C_GetState), (14 bytes).
    Removing stm32h7xx_hal_i2c.o(.ARM.exidx.text.HAL_I2C_GetState), (8 bytes).
    Removing stm32h7xx_hal_i2c.o(.text.HAL_I2C_GetMode), (14 bytes).
    Removing stm32h7xx_hal_i2c.o(.ARM.exidx.text.HAL_I2C_GetMode), (8 bytes).
    Removing stm32h7xx_hal_i2c.o(.text.HAL_I2C_GetError), (12 bytes).
    Removing stm32h7xx_hal_i2c.o(.ARM.exidx.text.HAL_I2C_GetError), (8 bytes).
    Removing stm32h7xx_hal_i2c.o(.text.I2C_ITMasterSeqCplt), (126 bytes).
    Removing stm32h7xx_hal_i2c.o(.ARM.exidx.text.I2C_ITMasterSeqCplt), (8 bytes).
    Removing stm32h7xx_hal_i2c.o(.text.I2C_ITMasterCplt), (436 bytes).
    Removing stm32h7xx_hal_i2c.o(.ARM.exidx.text.I2C_ITMasterCplt), (8 bytes).
    Removing stm32h7xx_hal_i2c.o(.text.I2C_ITSlaveCplt), (1440 bytes).
    Removing stm32h7xx_hal_i2c.o(.ARM.exidx.text.I2C_ITSlaveCplt), (8 bytes).
    Removing stm32h7xx_hal_i2c.o(.text.I2C_ITListenCplt), (156 bytes).
    Removing stm32h7xx_hal_i2c.o(.ARM.exidx.text.I2C_ITListenCplt), (8 bytes).
    Removing stm32h7xx_hal_i2c.o(.text.I2C_ITSlaveSeqCplt), (200 bytes).
    Removing stm32h7xx_hal_i2c.o(.ARM.exidx.text.I2C_ITSlaveSeqCplt), (8 bytes).
    Removing stm32h7xx_hal_i2c.o(.text.I2C_ITAddrCplt), (300 bytes).
    Removing stm32h7xx_hal_i2c.o(.ARM.exidx.text.I2C_ITAddrCplt), (8 bytes).
    Removing stm32h7xx_hal_i2c.o(.text.I2C_TreatErrorCallback), (82 bytes).
    Removing stm32h7xx_hal_i2c.o(.ARM.exidx.text.I2C_TreatErrorCallback), (8 bytes).
    Removing stm32h7xx_hal_i2c.o(.text.I2C_IsErrorOccurred), (510 bytes).
    Removing stm32h7xx_hal_i2c.o(.ARM.exidx.text.I2C_IsErrorOccurred), (8 bytes).
    Removing stm32h7xx_hal_i2c_ex.o(.text), (0 bytes).
    Removing stm32h7xx_hal_i2c_ex.o(.text.HAL_I2CEx_ConfigAnalogFilter), (152 bytes).
    Removing stm32h7xx_hal_i2c_ex.o(.ARM.exidx.text.HAL_I2CEx_ConfigAnalogFilter), (8 bytes).
    Removing stm32h7xx_hal_i2c_ex.o(.text.HAL_I2CEx_ConfigDigitalFilter), (162 bytes).
    Removing stm32h7xx_hal_i2c_ex.o(.ARM.exidx.text.HAL_I2CEx_ConfigDigitalFilter), (8 bytes).
    Removing stm32h7xx_hal_i2c_ex.o(.text.HAL_I2CEx_EnableWakeUp), (138 bytes).
    Removing stm32h7xx_hal_i2c_ex.o(.ARM.exidx.text.HAL_I2CEx_EnableWakeUp), (8 bytes).
    Removing stm32h7xx_hal_i2c_ex.o(.text.HAL_I2CEx_DisableWakeUp), (138 bytes).
    Removing stm32h7xx_hal_i2c_ex.o(.ARM.exidx.text.HAL_I2CEx_DisableWakeUp), (8 bytes).
    Removing stm32h7xx_hal_i2c_ex.o(.text.HAL_I2CEx_EnableFastModePlus), (54 bytes).
    Removing stm32h7xx_hal_i2c_ex.o(.ARM.exidx.text.HAL_I2CEx_EnableFastModePlus), (8 bytes).
    Removing stm32h7xx_hal_i2c_ex.o(.text.HAL_I2CEx_DisableFastModePlus), (54 bytes).
    Removing stm32h7xx_hal_i2c_ex.o(.ARM.exidx.text.HAL_I2CEx_DisableFastModePlus), (8 bytes).
    Removing stm32h7xx_hal_exti.o(.text), (0 bytes).
    Removing stm32h7xx_hal_exti.o(.text.HAL_EXTI_SetConfigLine), (576 bytes).
    Removing stm32h7xx_hal_exti.o(.ARM.exidx.text.HAL_EXTI_SetConfigLine), (8 bytes).
    Removing stm32h7xx_hal_exti.o(.text.HAL_EXTI_GetConfigLine), (458 bytes).
    Removing stm32h7xx_hal_exti.o(.ARM.exidx.text.HAL_EXTI_GetConfigLine), (8 bytes).
    Removing stm32h7xx_hal_exti.o(.text.HAL_EXTI_ClearConfigLine), (380 bytes).
    Removing stm32h7xx_hal_exti.o(.ARM.exidx.text.HAL_EXTI_ClearConfigLine), (8 bytes).
    Removing stm32h7xx_hal_exti.o(.text.HAL_EXTI_RegisterCallback), (72 bytes).
    Removing stm32h7xx_hal_exti.o(.ARM.exidx.text.HAL_EXTI_RegisterCallback), (8 bytes).
    Removing stm32h7xx_hal_exti.o(.text.HAL_EXTI_GetHandle), (42 bytes).
    Removing stm32h7xx_hal_exti.o(.ARM.exidx.text.HAL_EXTI_GetHandle), (8 bytes).
    Removing stm32h7xx_hal_exti.o(.text.HAL_EXTI_IRQHandler), (88 bytes).
    Removing stm32h7xx_hal_exti.o(.ARM.exidx.text.HAL_EXTI_IRQHandler), (8 bytes).
    Removing stm32h7xx_hal_exti.o(.text.HAL_EXTI_GetPending), (68 bytes).
    Removing stm32h7xx_hal_exti.o(.ARM.exidx.text.HAL_EXTI_GetPending), (8 bytes).
    Removing stm32h7xx_hal_exti.o(.text.HAL_EXTI_ClearPending), (54 bytes).
    Removing stm32h7xx_hal_exti.o(.ARM.exidx.text.HAL_EXTI_ClearPending), (8 bytes).
    Removing stm32h7xx_hal_exti.o(.text.HAL_EXTI_GenerateSWI), (52 bytes).
    Removing stm32h7xx_hal_exti.o(.ARM.exidx.text.HAL_EXTI_GenerateSWI), (8 bytes).
    Removing stm32h7xx_hal_tim.o(.text), (0 bytes).
    Removing stm32h7xx_hal_tim_ex.o(.text), (0 bytes).
    Removing system_stm32h7xx.o(.text), (0 bytes).
    Removing system_stm32h7xx.o(.ARM.exidx.text.SystemInit), (8 bytes).
    Removing system_stm32h7xx.o(.text.SystemCoreClockUpdate), (740 bytes).
    Removing system_stm32h7xx.o(.ARM.exidx.text.SystemCoreClockUpdate), (8 bytes).
    Removing system_stm32h7xx.o(.ARM.exidx.text.ExitRun0Mode), (8 bytes).

806 unused section(s) (total 89972 bytes) removed from the image.

==============================================================================

Image Symbol Table

    Local Symbols

    Symbol Name                              Value     Ov Type        Size  Object(Section)

    ../clib/angel/boardlib.s                 0x00000000   Number         0  boardinit1.o ABSOLUTE
    ../clib/angel/boardlib.s                 0x00000000   Number         0  boardinit2.o ABSOLUTE
    ../clib/angel/boardlib.s                 0x00000000   Number         0  boardinit3.o ABSOLUTE
    ../clib/angel/boardlib.s                 0x00000000   Number         0  boardshut.o ABSOLUTE
    ../clib/angel/handlers.s                 0x00000000   Number         0  __scatter_copy.o ABSOLUTE
    ../clib/angel/handlers.s                 0x00000000   Number         0  __scatter_zi.o ABSOLUTE
    ../clib/angel/kernel.s                   0x00000000   Number         0  __rtentry.o ABSOLUTE
    ../clib/angel/kernel.s                   0x00000000   Number         0  __rtentry2.o ABSOLUTE
    ../clib/angel/kernel.s                   0x00000000   Number         0  __rtentry4.o ABSOLUTE
    ../clib/angel/kernel.s                   0x00000000   Number         0  rtexit.o ABSOLUTE
    ../clib/angel/kernel.s                   0x00000000   Number         0  rtexit2.o ABSOLUTE
    ../clib/angel/rt.s                       0x00000000   Number         0  rt_raise.o ABSOLUTE
    ../clib/angel/scatter.s                  0x00000000   Number         0  __scatter.o ABSOLUTE
    ../clib/angel/startup.s                  0x00000000   Number         0  __main.o ABSOLUTE
    ../clib/angel/sys.s                      0x00000000   Number         0  sys_stackheap_outer.o ABSOLUTE
    ../clib/angel/sys.s                      0x00000000   Number         0  libspace.o ABSOLUTE
    ../clib/angel/sys.s                      0x00000000   Number         0  use_no_semi.o ABSOLUTE
    ../clib/angel/sys.s                      0x00000000   Number         0  indicate_semi.o ABSOLUTE
    ../clib/angel/sysapp.c                   0x00000000   Number         0  sys_exit.o ABSOLUTE
    ../clib/angel/sysapp.c                   0x00000000   Number         0  sys_exit_hlt.o ABSOLUTE
    ../clib/angel/sysapp.c                   0x00000000   Number         0  sys_command.o ABSOLUTE
    ../clib/angel/sysapp.c                   0x00000000   Number         0  sys_command_hlt.o ABSOLUTE
    ../clib/angel/sysapp.c                   0x00000000   Number         0  sys_wrch.o ABSOLUTE
    ../clib/angel/sysapp.c                   0x00000000   Number         0  sys_wrch_hlt.o ABSOLUTE
    ../clib/armsys.c                         0x00000000   Number         0  argv_veneer.o ABSOLUTE
    ../clib/armsys.c                         0x00000000   Number         0  argv_veneer.o ABSOLUTE
    ../clib/armsys.c                         0x00000000   Number         0  _get_argv_nomalloc.o ABSOLUTE
    ../clib/armsys.c                         0x00000000   Number         0  no_argv.o ABSOLUTE
    ../clib/heapalloc.c                      0x00000000   Number         0  hrguard.o ABSOLUTE
    ../clib/heapaux.c                        0x00000000   Number         0  heapauxi.o ABSOLUTE
    ../clib/libinit.s                        0x00000000   Number         0  libinit.o ABSOLUTE
    ../clib/libinit.s                        0x00000000   Number         0  libinit2.o ABSOLUTE
    ../clib/libinit.s                        0x00000000   Number         0  libshutdown.o ABSOLUTE
    ../clib/libinit.s                        0x00000000   Number         0  libshutdown2.o ABSOLUTE
    ../clib/memcpset.s                       0x00000000   Number         0  rt_memclr_w.o ABSOLUTE
    ../clib/signal.c                         0x00000000   Number         0  defsig_rtmem_outer.o ABSOLUTE
    ../clib/signal.c                         0x00000000   Number         0  defsig_rtmem_formal.o ABSOLUTE
    ../clib/signal.c                         0x00000000   Number         0  defsig_exit.o ABSOLUTE
    ../clib/signal.c                         0x00000000   Number         0  defsig_rtmem_inner.o ABSOLUTE
    ../clib/signal.c                         0x00000000   Number         0  __raise.o ABSOLUTE
    ../clib/signal.c                         0x00000000   Number         0  defsig_general.o ABSOLUTE
    ../clib/signal.c                         0x00000000   Number         0  defsig_abrt_inner.o ABSOLUTE
    ../clib/signal.c                         0x00000000   Number         0  defsig_fpe_inner.o ABSOLUTE
    ../clib/signal.c                         0x00000000   Number         0  defsig_rtred_inner.o ABSOLUTE
    ../clib/signal.c                         0x00000000   Number         0  defsig_stak_inner.o ABSOLUTE
    ../clib/signal.c                         0x00000000   Number         0  defsig_pvfn_inner.o ABSOLUTE
    ../clib/signal.c                         0x00000000   Number         0  defsig_cppl_inner.o ABSOLUTE
    ../clib/signal.c                         0x00000000   Number         0  defsig_segv_inner.o ABSOLUTE
    ../clib/signal.c                         0x00000000   Number         0  defsig_other.o ABSOLUTE
    ../clib/signal.s                         0x00000000   Number         0  defsig.o ABSOLUTE
    ../clib/stdlib.c                         0x00000000   Number         0  exit.o ABSOLUTE
    ../fplib/fpinit.s                        0x00000000   Number         0  fpinit.o ABSOLUTE
    dc.s                                     0x00000000   Number         0  dc.o ABSOLUTE
    main.c                                   0x00000000   Number         0  main.o ABSOLUTE
    startup_stm32h723xx.s                    0x00000000   Number         0  startup_stm32h723xx.o ABSOLUTE
    stm32h7xx_hal.c                          0x00000000   Number         0  stm32h7xx_hal.o ABSOLUTE
    stm32h7xx_hal_cortex.c                   0x00000000   Number         0  stm32h7xx_hal_cortex.o ABSOLUTE
    stm32h7xx_hal_dma.c                      0x00000000   Number         0  stm32h7xx_hal_dma.o ABSOLUTE
    stm32h7xx_hal_dma_ex.c                   0x00000000   Number         0  stm32h7xx_hal_dma_ex.o ABSOLUTE
    stm32h7xx_hal_exti.c                     0x00000000   Number         0  stm32h7xx_hal_exti.o ABSOLUTE
    stm32h7xx_hal_flash.c                    0x00000000   Number         0  stm32h7xx_hal_flash.o ABSOLUTE
    stm32h7xx_hal_flash_ex.c                 0x00000000   Number         0  stm32h7xx_hal_flash_ex.o ABSOLUTE
    stm32h7xx_hal_gpio.c                     0x00000000   Number         0  stm32h7xx_hal_gpio.o ABSOLUTE
    stm32h7xx_hal_hsem.c                     0x00000000   Number         0  stm32h7xx_hal_hsem.o ABSOLUTE
    stm32h7xx_hal_i2c.c                      0x00000000   Number         0  stm32h7xx_hal_i2c.o ABSOLUTE
    stm32h7xx_hal_i2c_ex.c                   0x00000000   Number         0  stm32h7xx_hal_i2c_ex.o ABSOLUTE
    stm32h7xx_hal_mdma.c                     0x00000000   Number         0  stm32h7xx_hal_mdma.o ABSOLUTE
    stm32h7xx_hal_msp.c                      0x00000000   Number         0  stm32h7xx_hal_msp.o ABSOLUTE
    stm32h7xx_hal_pwr.c                      0x00000000   Number         0  stm32h7xx_hal_pwr.o ABSOLUTE
    stm32h7xx_hal_pwr_ex.c                   0x00000000   Number         0  stm32h7xx_hal_pwr_ex.o ABSOLUTE
    stm32h7xx_hal_rcc.c                      0x00000000   Number         0  stm32h7xx_hal_rcc.o ABSOLUTE
    stm32h7xx_hal_rcc_ex.c                   0x00000000   Number         0  stm32h7xx_hal_rcc_ex.o ABSOLUTE
    stm32h7xx_hal_tim.c                      0x00000000   Number         0  stm32h7xx_hal_tim.o ABSOLUTE
    stm32h7xx_hal_tim_ex.c                   0x00000000   Number         0  stm32h7xx_hal_tim_ex.o ABSOLUTE
    stm32h7xx_it.c                           0x00000000   Number         0  stm32h7xx_it.o ABSOLUTE
    system_stm32h7xx.c                       0x00000000   Number         0  system_stm32h7xx.o ABSOLUTE
    RESET                                    0x08000000   Section      716  startup_stm32h723xx.o(RESET)
    !!!main                                  0x080002cc   Section        8  __main.o(!!!main)
    !!!scatter                               0x080002d4   Section       92  __scatter.o(!!!scatter)
    !!handler_copy                           0x08000330   Section       26  __scatter_copy.o(!!handler_copy)
    !!handler_null                           0x0800034c   Section        2  __scatter.o(!!handler_null)
    !!handler_zi                             0x08000350   Section       28  __scatter_zi.o(!!handler_zi)
    .ARM.Collect$$libinit$$00000000          0x0800036c   Section        2  libinit.o(.ARM.Collect$$libinit$$00000000)
    .ARM.Collect$$libinit$$00000001          0x0800036e   Section        4  libinit2.o(.ARM.Collect$$libinit$$00000001)
    .ARM.Collect$$libinit$$00000004          0x08000372   Section        0  libinit2.o(.ARM.Collect$$libinit$$00000004)
    .ARM.Collect$$libinit$$00000006          0x08000372   Section        0  libinit2.o(.ARM.Collect$$libinit$$00000006)
    .ARM.Collect$$libinit$$0000000C          0x08000372   Section        0  libinit2.o(.ARM.Collect$$libinit$$0000000C)
    .ARM.Collect$$libinit$$0000000E          0x08000372   Section        0  libinit2.o(.ARM.Collect$$libinit$$0000000E)
    .ARM.Collect$$libinit$$00000010          0x08000372   Section        0  libinit2.o(.ARM.Collect$$libinit$$00000010)
    .ARM.Collect$$libinit$$00000013          0x08000372   Section        0  libinit2.o(.ARM.Collect$$libinit$$00000013)
    .ARM.Collect$$libinit$$00000015          0x08000372   Section        0  libinit2.o(.ARM.Collect$$libinit$$00000015)
    .ARM.Collect$$libinit$$00000017          0x08000372   Section        0  libinit2.o(.ARM.Collect$$libinit$$00000017)
    .ARM.Collect$$libinit$$00000019          0x08000372   Section        0  libinit2.o(.ARM.Collect$$libinit$$00000019)
    .ARM.Collect$$libinit$$0000001B          0x08000372   Section        0  libinit2.o(.ARM.Collect$$libinit$$0000001B)
    .ARM.Collect$$libinit$$0000001D          0x08000372   Section        0  libinit2.o(.ARM.Collect$$libinit$$0000001D)
    .ARM.Collect$$libinit$$0000001F          0x08000372   Section        0  libinit2.o(.ARM.Collect$$libinit$$0000001F)
    .ARM.Collect$$libinit$$00000021          0x08000372   Section        0  libinit2.o(.ARM.Collect$$libinit$$00000021)
    .ARM.Collect$$libinit$$00000023          0x08000372   Section        0  libinit2.o(.ARM.Collect$$libinit$$00000023)
    .ARM.Collect$$libinit$$00000025          0x08000372   Section        0  libinit2.o(.ARM.Collect$$libinit$$00000025)
    .ARM.Collect$$libinit$$00000027          0x08000372   Section        0  libinit2.o(.ARM.Collect$$libinit$$00000027)
    .ARM.Collect$$libinit$$0000002E          0x08000372   Section        0  libinit2.o(.ARM.Collect$$libinit$$0000002E)
    .ARM.Collect$$libinit$$00000030          0x08000372   Section        0  libinit2.o(.ARM.Collect$$libinit$$00000030)
    .ARM.Collect$$libinit$$00000032          0x08000372   Section        0  libinit2.o(.ARM.Collect$$libinit$$00000032)
    .ARM.Collect$$libinit$$00000034          0x08000372   Section        0  libinit2.o(.ARM.Collect$$libinit$$00000034)
    .ARM.Collect$$libinit$$00000035          0x08000372   Section        2  libinit2.o(.ARM.Collect$$libinit$$00000035)
    .ARM.Collect$$libshutdown$$00000000      0x08000374   Section        2  libshutdown.o(.ARM.Collect$$libshutdown$$00000000)
    .ARM.Collect$$libshutdown$$00000002      0x08000376   Section        0  libshutdown2.o(.ARM.Collect$$libshutdown$$00000002)
    .ARM.Collect$$libshutdown$$00000004      0x08000376   Section        0  libshutdown2.o(.ARM.Collect$$libshutdown$$00000004)
    .ARM.Collect$$libshutdown$$00000007      0x08000376   Section        0  libshutdown2.o(.ARM.Collect$$libshutdown$$00000007)
    .ARM.Collect$$libshutdown$$0000000A      0x08000376   Section        0  libshutdown2.o(.ARM.Collect$$libshutdown$$0000000A)
    .ARM.Collect$$libshutdown$$0000000C      0x08000376   Section        0  libshutdown2.o(.ARM.Collect$$libshutdown$$0000000C)
    .ARM.Collect$$libshutdown$$0000000F      0x08000376   Section        0  libshutdown2.o(.ARM.Collect$$libshutdown$$0000000F)
    .ARM.Collect$$libshutdown$$00000010      0x08000376   Section        2  libshutdown2.o(.ARM.Collect$$libshutdown$$00000010)
    .ARM.Collect$$rtentry$$00000000          0x08000378   Section        0  __rtentry.o(.ARM.Collect$$rtentry$$00000000)
    .ARM.Collect$$rtentry$$00000002          0x08000378   Section        0  __rtentry2.o(.ARM.Collect$$rtentry$$00000002)
    .ARM.Collect$$rtentry$$00000004          0x08000378   Section        6  __rtentry4.o(.ARM.Collect$$rtentry$$00000004)
    .ARM.Collect$$rtentry$$00000009          0x0800037e   Section        0  __rtentry2.o(.ARM.Collect$$rtentry$$00000009)
    .ARM.Collect$$rtentry$$0000000A          0x0800037e   Section        4  __rtentry2.o(.ARM.Collect$$rtentry$$0000000A)
    .ARM.Collect$$rtentry$$0000000C          0x08000382   Section        0  __rtentry2.o(.ARM.Collect$$rtentry$$0000000C)
    .ARM.Collect$$rtentry$$0000000D          0x08000382   Section        8  __rtentry2.o(.ARM.Collect$$rtentry$$0000000D)
    .ARM.Collect$$rtexit$$00000000           0x0800038a   Section        2  rtexit.o(.ARM.Collect$$rtexit$$00000000)
    .ARM.Collect$$rtexit$$00000002           0x0800038c   Section        0  rtexit2.o(.ARM.Collect$$rtexit$$00000002)
    .ARM.Collect$$rtexit$$00000003           0x0800038c   Section        4  rtexit2.o(.ARM.Collect$$rtexit$$00000003)
    .ARM.Collect$$rtexit$$00000004           0x08000390   Section        6  rtexit2.o(.ARM.Collect$$rtexit$$00000004)
    $v0                                      0x08000398   Number         0  startup_stm32h723xx.o(.text)
    .text                                    0x08000398   Section       72  startup_stm32h723xx.o(.text)
    .text                                    0x080003e0   Section       78  rt_memclr_w.o(.text)
    .text                                    0x0800042e   Section        0  heapauxi.o(.text)
    .text                                    0x08000434   Section       74  sys_stackheap_outer.o(.text)
    .text                                    0x0800047e   Section        0  exit.o(.text)
    .text                                    0x08000490   Section        8  libspace.o(.text)
    .text                                    0x08000498   Section        0  sys_exit.o(.text)
    .text                                    0x080004a4   Section        2  use_no_semi.o(.text)
    .text                                    0x080004a6   Section        0  indicate_semi.o(.text)
    [Anonymous Symbol]                       0x080004a8   Section        0  stm32h7xx_it.o(.text.BusFault_Handler)
    [Anonymous Symbol]                       0x080004b0   Section        0  stm32h7xx_it.o(.text.DebugMon_Handler)
    [Anonymous Symbol]                       0x080004b8   Section        0  main.o(.text.Error_Handler)
    [Anonymous Symbol]                       0x080004c8   Section        0  system_stm32h7xx.o(.text.ExitRun0Mode)
    [Anonymous Symbol]                       0x080004f0   Section        0  stm32h7xx_hal_gpio.o(.text.HAL_GPIO_Init)
    [Anonymous Symbol]                       0x08000898   Section        0  stm32h7xx_hal_gpio.o(.text.HAL_GPIO_TogglePin)
    [Anonymous Symbol]                       0x080008c0   Section        0  stm32h7xx_hal_gpio.o(.text.HAL_GPIO_WritePin)
    [Anonymous Symbol]                       0x080008f0   Section        0  stm32h7xx_hal.o(.text.HAL_GetTick)
    [Anonymous Symbol]                       0x08000900   Section        0  stm32h7xx_hal.o(.text.HAL_IncTick)
    [Anonymous Symbol]                       0x08000920   Section        0  stm32h7xx_hal.o(.text.HAL_Init)
    [Anonymous Symbol]                       0x080009a0   Section        0  stm32h7xx_hal.o(.text.HAL_InitTick)
    [Anonymous Symbol]                       0x08000a28   Section        0  stm32h7xx_hal_cortex.o(.text.HAL_MPU_ConfigRegion)
    [Anonymous Symbol]                       0x08000aa8   Section        0  stm32h7xx_hal_cortex.o(.text.HAL_MPU_Disable)
    [Anonymous Symbol]                       0x08000ad0   Section        0  stm32h7xx_hal_cortex.o(.text.HAL_MPU_Enable)
    [Anonymous Symbol]                       0x08000b00   Section        0  stm32h7xx_hal_msp.o(.text.HAL_MspInit)
    [Anonymous Symbol]                       0x08000b28   Section        0  stm32h7xx_hal_cortex.o(.text.HAL_NVIC_SetPriority)
    [Anonymous Symbol]                       0x08000b58   Section        0  stm32h7xx_hal_cortex.o(.text.HAL_NVIC_SetPriorityGrouping)
    [Anonymous Symbol]                       0x08000b68   Section        0  stm32h7xx_hal_pwr_ex.o(.text.HAL_PWREx_ConfigSupply)
    [Anonymous Symbol]                       0x08000c10   Section        0  stm32h7xx_hal_rcc.o(.text.HAL_RCC_ClockConfig)
    [Anonymous Symbol]                       0x080010a8   Section        0  stm32h7xx_hal_rcc.o(.text.HAL_RCC_GetSysClockFreq)
    [Anonymous Symbol]                       0x080013a8   Section        0  stm32h7xx_hal_rcc.o(.text.HAL_RCC_OscConfig)
    [Anonymous Symbol]                       0x08001dc8   Section        0  stm32h7xx_hal_cortex.o(.text.HAL_SYSTICK_Config)
    [Anonymous Symbol]                       0x08001dd8   Section        0  stm32h7xx_it.o(.text.HardFault_Handler)
    MPU_Config                               0x08001de1   Thumb Code    86  main.o(.text.MPU_Config)
    [Anonymous Symbol]                       0x08001de0   Section        0  main.o(.text.MPU_Config)
    MX_GPIO_Init                             0x08001e39   Thumb Code   124  main.o(.text.MX_GPIO_Init)
    [Anonymous Symbol]                       0x08001e38   Section        0  main.o(.text.MX_GPIO_Init)
    [Anonymous Symbol]                       0x08001eb8   Section        0  stm32h7xx_it.o(.text.MemManage_Handler)
    [Anonymous Symbol]                       0x08001ec0   Section        0  stm32h7xx_it.o(.text.NMI_Handler)
    NVIC_EncodePriority                      0x08001ec9   Thumb Code   108  stm32h7xx_hal_cortex.o(.text.NVIC_EncodePriority)
    [Anonymous Symbol]                       0x08001ec8   Section        0  stm32h7xx_hal_cortex.o(.text.NVIC_EncodePriority)
    [Anonymous Symbol]                       0x08001f38   Section        0  stm32h7xx_it.o(.text.PendSV_Handler)
    [Anonymous Symbol]                       0x08001f40   Section        0  stm32h7xx_it.o(.text.SVC_Handler)
    SysTick_Config                           0x08001f49   Thumb Code    82  stm32h7xx_hal_cortex.o(.text.SysTick_Config)
    [Anonymous Symbol]                       0x08001f48   Section        0  stm32h7xx_hal_cortex.o(.text.SysTick_Config)
    [Anonymous Symbol]                       0x08001fa0   Section        0  stm32h7xx_it.o(.text.SysTick_Handler)
    [Anonymous Symbol]                       0x08001fe0   Section        0  main.o(.text.SystemClock_Config)
    [Anonymous Symbol]                       0x080020b0   Section        0  system_stm32h7xx.o(.text.SystemInit)
    [Anonymous Symbol]                       0x08002218   Section        0  stm32h7xx_it.o(.text.UsageFault_Handler)
    __NVIC_GetPriorityGrouping               0x08002221   Thumb Code    16  stm32h7xx_hal_cortex.o(.text.__NVIC_GetPriorityGrouping)
    [Anonymous Symbol]                       0x08002220   Section        0  stm32h7xx_hal_cortex.o(.text.__NVIC_GetPriorityGrouping)
    __NVIC_SetPriority                       0x08002231   Thumb Code    66  stm32h7xx_hal_cortex.o(.text.__NVIC_SetPriority)
    [Anonymous Symbol]                       0x08002230   Section        0  stm32h7xx_hal_cortex.o(.text.__NVIC_SetPriority)
    __NVIC_SetPriorityGrouping               0x08002279   Thumb Code    60  stm32h7xx_hal_cortex.o(.text.__NVIC_SetPriorityGrouping)
    [Anonymous Symbol]                       0x08002278   Section        0  stm32h7xx_hal_cortex.o(.text.__NVIC_SetPriorityGrouping)
    [Anonymous Symbol]                       0x080022b8   Section        0  main.o(.text.main)
    $v0                                      0x080022d4   Number         0  fpinit.o(x$fpl$fpinit)
    x$fpl$fpinit                             0x080022d4   Section       26  fpinit.o(x$fpl$fpinit)
    .bss                                     0x24000010   Section       96  libspace.o(.bss)
    SysTick_Handler.idx                      0x24000070   Data           2  stm32h7xx_it.o(.bss.SysTick_Handler.idx)
    [Anonymous Symbol]                       0x24000070   Section        0  stm32h7xx_it.o(.bss.SysTick_Handler.idx)
    Heap_Mem                                 0x24000078   Data         512  startup_stm32h723xx.o(HEAP)
    HEAP                                     0x24000078   Section      512  startup_stm32h723xx.o(HEAP)
    Stack_Mem                                0x24000278   Data        1024  startup_stm32h723xx.o(STACK)
    STACK                                    0x24000278   Section     1024  startup_stm32h723xx.o(STACK)
    __initial_sp                             0x24000678   Data           0  startup_stm32h723xx.o(STACK)

    Global Symbols

    Symbol Name                              Value     Ov Type        Size  Object(Section)

    BuildAttributes$$THM_ISAv4$E$P$D$K$B$S$7EM$VFPv5_D16$PE$PLD8$A:L22UL41UL21$X:L11$S22US41US21$IEEE1$IW$~IW$USESV6$~STKCKD$USESV7$~SHL$OSPACE$ROPI$EBA8$UX$STANDARDLIB$REQ8$PRES8$EABIv2 0x00000000   Number         0  anon$$obj.o ABSOLUTE
    __ARM_exceptions_init                     - Undefined Weak Reference
    __alloca_initialize                       - Undefined Weak Reference
    __arm_preinit_                            - Undefined Weak Reference
    __arm_relocate_pie_                       - Undefined Weak Reference
    __cpp_initialize__aeabi_                  - Undefined Weak Reference
    __cxa_finalize                            - Undefined Weak Reference
    __rt_locale                               - Undefined Weak Reference
    __sigvec_lookup                           - Undefined Weak Reference
    _atexit_init                              - Undefined Weak Reference
    _call_atexit_fns                          - Undefined Weak Reference
    _clock_init                               - Undefined Weak Reference
    _fp_trap_init                             - Undefined Weak Reference
    _fp_trap_shutdown                         - Undefined Weak Reference
    _get_lc_collate                           - Undefined Weak Reference
    _get_lc_ctype                             - Undefined Weak Reference
    _get_lc_monetary                          - Undefined Weak Reference
    _get_lc_numeric                           - Undefined Weak Reference
    _get_lc_time                              - Undefined Weak Reference
    _getenv_init                              - Undefined Weak Reference
    _handle_redirection                       - Undefined Weak Reference
    _init_alloc                               - Undefined Weak Reference
    _init_user_alloc                          - Undefined Weak Reference
    _initio                                   - Undefined Weak Reference
    _rand_init                                - Undefined Weak Reference
    _signal_finish                            - Undefined Weak Reference
    _signal_init                              - Undefined Weak Reference
    _terminate_alloc                          - Undefined Weak Reference
    _terminate_user_alloc                     - Undefined Weak Reference
    _terminateio                              - Undefined Weak Reference
    __Vectors_Size                           0x000002cc   Number         0  startup_stm32h723xx.o ABSOLUTE
    __Vectors                                0x08000000   Data           4  startup_stm32h723xx.o(RESET)
    __Vectors_End                            0x080002cc   Data           0  startup_stm32h723xx.o(RESET)
    __main                                   0x080002cd   Thumb Code     8  __main.o(!!!main)
    __scatterload                            0x080002d5   Thumb Code     0  __scatter.o(!!!scatter)
    __scatterload_rt2                        0x080002d5   Thumb Code    84  __scatter.o(!!!scatter)
    __scatterload_rt2_thumb_only             0x080002d5   Thumb Code     0  __scatter.o(!!!scatter)
    __scatterload_loop                       0x080002df   Thumb Code     0  __scatter.o(!!!scatter)
    __scatterload_copy                       0x08000331   Thumb Code    26  __scatter_copy.o(!!handler_copy)
    __scatterload_null                       0x0800034d   Thumb Code     2  __scatter.o(!!handler_null)
    __scatterload_zeroinit                   0x08000351   Thumb Code    28  __scatter_zi.o(!!handler_zi)
    __rt_lib_init                            0x0800036d   Thumb Code     0  libinit.o(.ARM.Collect$$libinit$$00000000)
    __rt_lib_init_fp_1                       0x0800036f   Thumb Code     0  libinit2.o(.ARM.Collect$$libinit$$00000001)
    __rt_lib_init_alloca_1                   0x08000373   Thumb Code     0  libinit2.o(.ARM.Collect$$libinit$$00000030)
    __rt_lib_init_argv_1                     0x08000373   Thumb Code     0  libinit2.o(.ARM.Collect$$libinit$$0000002E)
    __rt_lib_init_atexit_1                   0x08000373   Thumb Code     0  libinit2.o(.ARM.Collect$$libinit$$0000001D)
    __rt_lib_init_clock_1                    0x08000373   Thumb Code     0  libinit2.o(.ARM.Collect$$libinit$$00000023)
    __rt_lib_init_cpp_1                      0x08000373   Thumb Code     0  libinit2.o(.ARM.Collect$$libinit$$00000034)
    __rt_lib_init_exceptions_1               0x08000373   Thumb Code     0  libinit2.o(.ARM.Collect$$libinit$$00000032)
    __rt_lib_init_fp_trap_1                  0x08000373   Thumb Code     0  libinit2.o(.ARM.Collect$$libinit$$00000021)
    __rt_lib_init_getenv_1                   0x08000373   Thumb Code     0  libinit2.o(.ARM.Collect$$libinit$$00000025)
    __rt_lib_init_heap_1                     0x08000373   Thumb Code     0  libinit2.o(.ARM.Collect$$libinit$$0000000C)
    __rt_lib_init_lc_collate_1               0x08000373   Thumb Code     0  libinit2.o(.ARM.Collect$$libinit$$00000013)
    __rt_lib_init_lc_ctype_1                 0x08000373   Thumb Code     0  libinit2.o(.ARM.Collect$$libinit$$00000015)
    __rt_lib_init_lc_monetary_1              0x08000373   Thumb Code     0  libinit2.o(.ARM.Collect$$libinit$$00000017)
    __rt_lib_init_lc_numeric_1               0x08000373   Thumb Code     0  libinit2.o(.ARM.Collect$$libinit$$00000019)
    __rt_lib_init_lc_time_1                  0x08000373   Thumb Code     0  libinit2.o(.ARM.Collect$$libinit$$0000001B)
    __rt_lib_init_preinit_1                  0x08000373   Thumb Code     0  libinit2.o(.ARM.Collect$$libinit$$00000006)
    __rt_lib_init_rand_1                     0x08000373   Thumb Code     0  libinit2.o(.ARM.Collect$$libinit$$00000010)
    __rt_lib_init_relocate_pie_1             0x08000373   Thumb Code     0  libinit2.o(.ARM.Collect$$libinit$$00000004)
    __rt_lib_init_return                     0x08000373   Thumb Code     0  libinit2.o(.ARM.Collect$$libinit$$00000035)
    __rt_lib_init_signal_1                   0x08000373   Thumb Code     0  libinit2.o(.ARM.Collect$$libinit$$0000001F)
    __rt_lib_init_stdio_1                    0x08000373   Thumb Code     0  libinit2.o(.ARM.Collect$$libinit$$00000027)
    __rt_lib_init_user_alloc_1               0x08000373   Thumb Code     0  libinit2.o(.ARM.Collect$$libinit$$0000000E)
    __rt_lib_shutdown                        0x08000375   Thumb Code     0  libshutdown.o(.ARM.Collect$$libshutdown$$00000000)
    __rt_lib_shutdown_cpp_1                  0x08000377   Thumb Code     0  libshutdown2.o(.ARM.Collect$$libshutdown$$00000002)
    __rt_lib_shutdown_fp_trap_1              0x08000377   Thumb Code     0  libshutdown2.o(.ARM.Collect$$libshutdown$$00000007)
    __rt_lib_shutdown_heap_1                 0x08000377   Thumb Code     0  libshutdown2.o(.ARM.Collect$$libshutdown$$0000000F)
    __rt_lib_shutdown_return                 0x08000377   Thumb Code     0  libshutdown2.o(.ARM.Collect$$libshutdown$$00000010)
    __rt_lib_shutdown_signal_1               0x08000377   Thumb Code     0  libshutdown2.o(.ARM.Collect$$libshutdown$$0000000A)
    __rt_lib_shutdown_stdio_1                0x08000377   Thumb Code     0  libshutdown2.o(.ARM.Collect$$libshutdown$$00000004)
    __rt_lib_shutdown_user_alloc_1           0x08000377   Thumb Code     0  libshutdown2.o(.ARM.Collect$$libshutdown$$0000000C)
    __rt_entry                               0x08000379   Thumb Code     0  __rtentry.o(.ARM.Collect$$rtentry$$00000000)
    __rt_entry_presh_1                       0x08000379   Thumb Code     0  __rtentry2.o(.ARM.Collect$$rtentry$$00000002)
    __rt_entry_sh                            0x08000379   Thumb Code     0  __rtentry4.o(.ARM.Collect$$rtentry$$00000004)
    __rt_entry_li                            0x0800037f   Thumb Code     0  __rtentry2.o(.ARM.Collect$$rtentry$$0000000A)
    __rt_entry_postsh_1                      0x0800037f   Thumb Code     0  __rtentry2.o(.ARM.Collect$$rtentry$$00000009)
    __rt_entry_main                          0x08000383   Thumb Code     0  __rtentry2.o(.ARM.Collect$$rtentry$$0000000D)
    __rt_entry_postli_1                      0x08000383   Thumb Code     0  __rtentry2.o(.ARM.Collect$$rtentry$$0000000C)
    __rt_exit                                0x0800038b   Thumb Code     0  rtexit.o(.ARM.Collect$$rtexit$$00000000)
    __rt_exit_ls                             0x0800038d   Thumb Code     0  rtexit2.o(.ARM.Collect$$rtexit$$00000003)
    __rt_exit_prels_1                        0x0800038d   Thumb Code     0  rtexit2.o(.ARM.Collect$$rtexit$$00000002)
    __rt_exit_exit                           0x08000391   Thumb Code     0  rtexit2.o(.ARM.Collect$$rtexit$$00000004)
    Reset_Handler                            0x08000399   Thumb Code    12  startup_stm32h723xx.o(.text)
    ADC3_IRQHandler                          0x080003b7   Thumb Code     0  startup_stm32h723xx.o(.text)
    ADC_IRQHandler                           0x080003b7   Thumb Code     0  startup_stm32h723xx.o(.text)
    BDMA_Channel0_IRQHandler                 0x080003b7   Thumb Code     0  startup_stm32h723xx.o(.text)
    BDMA_Channel1_IRQHandler                 0x080003b7   Thumb Code     0  startup_stm32h723xx.o(.text)
    BDMA_Channel2_IRQHandler                 0x080003b7   Thumb Code     0  startup_stm32h723xx.o(.text)
    BDMA_Channel3_IRQHandler                 0x080003b7   Thumb Code     0  startup_stm32h723xx.o(.text)
    BDMA_Channel4_IRQHandler                 0x080003b7   Thumb Code     0  startup_stm32h723xx.o(.text)
    BDMA_Channel5_IRQHandler                 0x080003b7   Thumb Code     0  startup_stm32h723xx.o(.text)
    BDMA_Channel6_IRQHandler                 0x080003b7   Thumb Code     0  startup_stm32h723xx.o(.text)
    BDMA_Channel7_IRQHandler                 0x080003b7   Thumb Code     0  startup_stm32h723xx.o(.text)
    CEC_IRQHandler                           0x080003b7   Thumb Code     0  startup_stm32h723xx.o(.text)
    COMP1_IRQHandler                         0x080003b7   Thumb Code     0  startup_stm32h723xx.o(.text)
    CORDIC_IRQHandler                        0x080003b7   Thumb Code     0  startup_stm32h723xx.o(.text)
    CRS_IRQHandler                           0x080003b7   Thumb Code     0  startup_stm32h723xx.o(.text)
    DCMI_PSSI_IRQHandler                     0x080003b7   Thumb Code     0  startup_stm32h723xx.o(.text)
    DFSDM1_FLT0_IRQHandler                   0x080003b7   Thumb Code     0  startup_stm32h723xx.o(.text)
    DFSDM1_FLT1_IRQHandler                   0x080003b7   Thumb Code     0  startup_stm32h723xx.o(.text)
    DFSDM1_FLT2_IRQHandler                   0x080003b7   Thumb Code     0  startup_stm32h723xx.o(.text)
    DFSDM1_FLT3_IRQHandler                   0x080003b7   Thumb Code     0  startup_stm32h723xx.o(.text)
    DMA1_Stream0_IRQHandler                  0x080003b7   Thumb Code     0  startup_stm32h723xx.o(.text)
    DMA1_Stream1_IRQHandler                  0x080003b7   Thumb Code     0  startup_stm32h723xx.o(.text)
    DMA1_Stream2_IRQHandler                  0x080003b7   Thumb Code     0  startup_stm32h723xx.o(.text)
    DMA1_Stream3_IRQHandler                  0x080003b7   Thumb Code     0  startup_stm32h723xx.o(.text)
    DMA1_Stream4_IRQHandler                  0x080003b7   Thumb Code     0  startup_stm32h723xx.o(.text)
    DMA1_Stream5_IRQHandler                  0x080003b7   Thumb Code     0  startup_stm32h723xx.o(.text)
    DMA1_Stream6_IRQHandler                  0x080003b7   Thumb Code     0  startup_stm32h723xx.o(.text)
    DMA1_Stream7_IRQHandler                  0x080003b7   Thumb Code     0  startup_stm32h723xx.o(.text)
    DMA2D_IRQHandler                         0x080003b7   Thumb Code     0  startup_stm32h723xx.o(.text)
    DMA2_Stream0_IRQHandler                  0x080003b7   Thumb Code     0  startup_stm32h723xx.o(.text)
    DMA2_Stream1_IRQHandler                  0x080003b7   Thumb Code     0  startup_stm32h723xx.o(.text)
    DMA2_Stream2_IRQHandler                  0x080003b7   Thumb Code     0  startup_stm32h723xx.o(.text)
    DMA2_Stream3_IRQHandler                  0x080003b7   Thumb Code     0  startup_stm32h723xx.o(.text)
    DMA2_Stream4_IRQHandler                  0x080003b7   Thumb Code     0  startup_stm32h723xx.o(.text)
    DMA2_Stream5_IRQHandler                  0x080003b7   Thumb Code     0  startup_stm32h723xx.o(.text)
    DMA2_Stream6_IRQHandler                  0x080003b7   Thumb Code     0  startup_stm32h723xx.o(.text)
    DMA2_Stream7_IRQHandler                  0x080003b7   Thumb Code     0  startup_stm32h723xx.o(.text)
    DMAMUX1_OVR_IRQHandler                   0x080003b7   Thumb Code     0  startup_stm32h723xx.o(.text)
    DMAMUX2_OVR_IRQHandler                   0x080003b7   Thumb Code     0  startup_stm32h723xx.o(.text)
    DTS_IRQHandler                           0x080003b7   Thumb Code     0  startup_stm32h723xx.o(.text)
    ECC_IRQHandler                           0x080003b7   Thumb Code     0  startup_stm32h723xx.o(.text)
    ETH_IRQHandler                           0x080003b7   Thumb Code     0  startup_stm32h723xx.o(.text)
    ETH_WKUP_IRQHandler                      0x080003b7   Thumb Code     0  startup_stm32h723xx.o(.text)
    EXTI0_IRQHandler                         0x080003b7   Thumb Code     0  startup_stm32h723xx.o(.text)
    EXTI15_10_IRQHandler                     0x080003b7   Thumb Code     0  startup_stm32h723xx.o(.text)
    EXTI1_IRQHandler                         0x080003b7   Thumb Code     0  startup_stm32h723xx.o(.text)
    EXTI2_IRQHandler                         0x080003b7   Thumb Code     0  startup_stm32h723xx.o(.text)
    EXTI3_IRQHandler                         0x080003b7   Thumb Code     0  startup_stm32h723xx.o(.text)
    EXTI4_IRQHandler                         0x080003b7   Thumb Code     0  startup_stm32h723xx.o(.text)
    EXTI9_5_IRQHandler                       0x080003b7   Thumb Code     0  startup_stm32h723xx.o(.text)
    FDCAN1_IT0_IRQHandler                    0x080003b7   Thumb Code     0  startup_stm32h723xx.o(.text)
    FDCAN1_IT1_IRQHandler                    0x080003b7   Thumb Code     0  startup_stm32h723xx.o(.text)
    FDCAN2_IT0_IRQHandler                    0x080003b7   Thumb Code     0  startup_stm32h723xx.o(.text)
    FDCAN2_IT1_IRQHandler                    0x080003b7   Thumb Code     0  startup_stm32h723xx.o(.text)
    FDCAN3_IT0_IRQHandler                    0x080003b7   Thumb Code     0  startup_stm32h723xx.o(.text)
    FDCAN3_IT1_IRQHandler                    0x080003b7   Thumb Code     0  startup_stm32h723xx.o(.text)
    FDCAN_CAL_IRQHandler                     0x080003b7   Thumb Code     0  startup_stm32h723xx.o(.text)
    FLASH_IRQHandler                         0x080003b7   Thumb Code     0  startup_stm32h723xx.o(.text)
    FMAC_IRQHandler                          0x080003b7   Thumb Code     0  startup_stm32h723xx.o(.text)
    FMC_IRQHandler                           0x080003b7   Thumb Code     0  startup_stm32h723xx.o(.text)
    FPU_IRQHandler                           0x080003b7   Thumb Code     0  startup_stm32h723xx.o(.text)
    HSEM1_IRQHandler                         0x080003b7   Thumb Code     0  startup_stm32h723xx.o(.text)
    I2C1_ER_IRQHandler                       0x080003b7   Thumb Code     0  startup_stm32h723xx.o(.text)
    I2C1_EV_IRQHandler                       0x080003b7   Thumb Code     0  startup_stm32h723xx.o(.text)
    I2C2_ER_IRQHandler                       0x080003b7   Thumb Code     0  startup_stm32h723xx.o(.text)
    I2C2_EV_IRQHandler                       0x080003b7   Thumb Code     0  startup_stm32h723xx.o(.text)
    I2C3_ER_IRQHandler                       0x080003b7   Thumb Code     0  startup_stm32h723xx.o(.text)
    I2C3_EV_IRQHandler                       0x080003b7   Thumb Code     0  startup_stm32h723xx.o(.text)
    I2C4_ER_IRQHandler                       0x080003b7   Thumb Code     0  startup_stm32h723xx.o(.text)
    I2C4_EV_IRQHandler                       0x080003b7   Thumb Code     0  startup_stm32h723xx.o(.text)
    I2C5_ER_IRQHandler                       0x080003b7   Thumb Code     0  startup_stm32h723xx.o(.text)
    I2C5_EV_IRQHandler                       0x080003b7   Thumb Code     0  startup_stm32h723xx.o(.text)
    LPTIM1_IRQHandler                        0x080003b7   Thumb Code     0  startup_stm32h723xx.o(.text)
    LPTIM2_IRQHandler                        0x080003b7   Thumb Code     0  startup_stm32h723xx.o(.text)
    LPTIM3_IRQHandler                        0x080003b7   Thumb Code     0  startup_stm32h723xx.o(.text)
    LPTIM4_IRQHandler                        0x080003b7   Thumb Code     0  startup_stm32h723xx.o(.text)
    LPTIM5_IRQHandler                        0x080003b7   Thumb Code     0  startup_stm32h723xx.o(.text)
    LPUART1_IRQHandler                       0x080003b7   Thumb Code     0  startup_stm32h723xx.o(.text)
    LTDC_ER_IRQHandler                       0x080003b7   Thumb Code     0  startup_stm32h723xx.o(.text)
    LTDC_IRQHandler                          0x080003b7   Thumb Code     0  startup_stm32h723xx.o(.text)
    MDIOS_IRQHandler                         0x080003b7   Thumb Code     0  startup_stm32h723xx.o(.text)
    MDIOS_WKUP_IRQHandler                    0x080003b7   Thumb Code     0  startup_stm32h723xx.o(.text)
    MDMA_IRQHandler                          0x080003b7   Thumb Code     0  startup_stm32h723xx.o(.text)
    OCTOSPI1_IRQHandler                      0x080003b7   Thumb Code     0  startup_stm32h723xx.o(.text)
    OCTOSPI2_IRQHandler                      0x080003b7   Thumb Code     0  startup_stm32h723xx.o(.text)
    OTG_HS_EP1_IN_IRQHandler                 0x080003b7   Thumb Code     0  startup_stm32h723xx.o(.text)
    OTG_HS_EP1_OUT_IRQHandler                0x080003b7   Thumb Code     0  startup_stm32h723xx.o(.text)
    OTG_HS_IRQHandler                        0x080003b7   Thumb Code     0  startup_stm32h723xx.o(.text)
    OTG_HS_WKUP_IRQHandler                   0x080003b7   Thumb Code     0  startup_stm32h723xx.o(.text)
    PVD_AVD_IRQHandler                       0x080003b7   Thumb Code     0  startup_stm32h723xx.o(.text)
    RCC_IRQHandler                           0x080003b7   Thumb Code     0  startup_stm32h723xx.o(.text)
    RNG_IRQHandler                           0x080003b7   Thumb Code     0  startup_stm32h723xx.o(.text)
    RTC_Alarm_IRQHandler                     0x080003b7   Thumb Code     0  startup_stm32h723xx.o(.text)
    RTC_WKUP_IRQHandler                      0x080003b7   Thumb Code     0  startup_stm32h723xx.o(.text)
    SAI1_IRQHandler                          0x080003b7   Thumb Code     0  startup_stm32h723xx.o(.text)
    SAI4_IRQHandler                          0x080003b7   Thumb Code     0  startup_stm32h723xx.o(.text)
    SDMMC1_IRQHandler                        0x080003b7   Thumb Code     0  startup_stm32h723xx.o(.text)
    SDMMC2_IRQHandler                        0x080003b7   Thumb Code     0  startup_stm32h723xx.o(.text)
    SPDIF_RX_IRQHandler                      0x080003b7   Thumb Code     0  startup_stm32h723xx.o(.text)
    SPI1_IRQHandler                          0x080003b7   Thumb Code     0  startup_stm32h723xx.o(.text)
    SPI2_IRQHandler                          0x080003b7   Thumb Code     0  startup_stm32h723xx.o(.text)
    SPI3_IRQHandler                          0x080003b7   Thumb Code     0  startup_stm32h723xx.o(.text)
    SPI4_IRQHandler                          0x080003b7   Thumb Code     0  startup_stm32h723xx.o(.text)
    SPI5_IRQHandler                          0x080003b7   Thumb Code     0  startup_stm32h723xx.o(.text)
    SPI6_IRQHandler                          0x080003b7   Thumb Code     0  startup_stm32h723xx.o(.text)
    SWPMI1_IRQHandler                        0x080003b7   Thumb Code     0  startup_stm32h723xx.o(.text)
    TAMP_STAMP_IRQHandler                    0x080003b7   Thumb Code     0  startup_stm32h723xx.o(.text)
    TIM15_IRQHandler                         0x080003b7   Thumb Code     0  startup_stm32h723xx.o(.text)
    TIM16_IRQHandler                         0x080003b7   Thumb Code     0  startup_stm32h723xx.o(.text)
    TIM17_IRQHandler                         0x080003b7   Thumb Code     0  startup_stm32h723xx.o(.text)
    TIM1_BRK_IRQHandler                      0x080003b7   Thumb Code     0  startup_stm32h723xx.o(.text)
    TIM1_CC_IRQHandler                       0x080003b7   Thumb Code     0  startup_stm32h723xx.o(.text)
    TIM1_TRG_COM_IRQHandler                  0x080003b7   Thumb Code     0  startup_stm32h723xx.o(.text)
    TIM1_UP_IRQHandler                       0x080003b7   Thumb Code     0  startup_stm32h723xx.o(.text)
    TIM23_IRQHandler                         0x080003b7   Thumb Code     0  startup_stm32h723xx.o(.text)
    TIM24_IRQHandler                         0x080003b7   Thumb Code     0  startup_stm32h723xx.o(.text)
    TIM2_IRQHandler                          0x080003b7   Thumb Code     0  startup_stm32h723xx.o(.text)
    TIM3_IRQHandler                          0x080003b7   Thumb Code     0  startup_stm32h723xx.o(.text)
    TIM4_IRQHandler                          0x080003b7   Thumb Code     0  startup_stm32h723xx.o(.text)
    TIM5_IRQHandler                          0x080003b7   Thumb Code     0  startup_stm32h723xx.o(.text)
    TIM6_DAC_IRQHandler                      0x080003b7   Thumb Code     0  startup_stm32h723xx.o(.text)
    TIM7_IRQHandler                          0x080003b7   Thumb Code     0  startup_stm32h723xx.o(.text)
    TIM8_BRK_TIM12_IRQHandler                0x080003b7   Thumb Code     0  startup_stm32h723xx.o(.text)
    TIM8_CC_IRQHandler                       0x080003b7   Thumb Code     0  startup_stm32h723xx.o(.text)
    TIM8_TRG_COM_TIM14_IRQHandler            0x080003b7   Thumb Code     0  startup_stm32h723xx.o(.text)
    TIM8_UP_TIM13_IRQHandler                 0x080003b7   Thumb Code     0  startup_stm32h723xx.o(.text)
    UART4_IRQHandler                         0x080003b7   Thumb Code     0  startup_stm32h723xx.o(.text)
    UART5_IRQHandler                         0x080003b7   Thumb Code     0  startup_stm32h723xx.o(.text)
    UART7_IRQHandler                         0x080003b7   Thumb Code     0  startup_stm32h723xx.o(.text)
    UART8_IRQHandler                         0x080003b7   Thumb Code     0  startup_stm32h723xx.o(.text)
    UART9_IRQHandler                         0x080003b7   Thumb Code     0  startup_stm32h723xx.o(.text)
    USART10_IRQHandler                       0x080003b7   Thumb Code     0  startup_stm32h723xx.o(.text)
    USART1_IRQHandler                        0x080003b7   Thumb Code     0  startup_stm32h723xx.o(.text)
    USART2_IRQHandler                        0x080003b7   Thumb Code     0  startup_stm32h723xx.o(.text)
    USART3_IRQHandler                        0x080003b7   Thumb Code     0  startup_stm32h723xx.o(.text)
    USART6_IRQHandler                        0x080003b7   Thumb Code     0  startup_stm32h723xx.o(.text)
    WAKEUP_PIN_IRQHandler                    0x080003b7   Thumb Code     0  startup_stm32h723xx.o(.text)
    WWDG_IRQHandler                          0x080003b7   Thumb Code     0  startup_stm32h723xx.o(.text)
    __user_initial_stackheap                 0x080003b9   Thumb Code     0  startup_stm32h723xx.o(.text)
    __aeabi_memclr4                          0x080003e1   Thumb Code     0  rt_memclr_w.o(.text)
    __aeabi_memclr8                          0x080003e1   Thumb Code     0  rt_memclr_w.o(.text)
    __rt_memclr_w                            0x080003e1   Thumb Code     0  rt_memclr_w.o(.text)
    _memset_w                                0x080003e5   Thumb Code    74  rt_memclr_w.o(.text)
    __use_two_region_memory                  0x0800042f   Thumb Code     2  heapauxi.o(.text)
    __rt_heap_escrow$2region                 0x08000431   Thumb Code     2  heapauxi.o(.text)
    __rt_heap_expand$2region                 0x08000433   Thumb Code     2  heapauxi.o(.text)
    __user_setup_stackheap                   0x08000435   Thumb Code    74  sys_stackheap_outer.o(.text)
    exit                                     0x0800047f   Thumb Code    18  exit.o(.text)
    __user_libspace                          0x08000491   Thumb Code     8  libspace.o(.text)
    __user_perproc_libspace                  0x08000491   Thumb Code     0  libspace.o(.text)
    __user_perthread_libspace                0x08000491   Thumb Code     0  libspace.o(.text)
    _sys_exit                                0x08000499   Thumb Code     8  sys_exit.o(.text)
    __I$use$semihosting                      0x080004a5   Thumb Code     0  use_no_semi.o(.text)
    __use_no_semihosting_swi                 0x080004a5   Thumb Code     2  use_no_semi.o(.text)
    __semihosting_library_function           0x080004a7   Thumb Code     0  indicate_semi.o(.text)
    BusFault_Handler                         0x080004a9   Thumb Code     4  stm32h7xx_it.o(.text.BusFault_Handler)
    DebugMon_Handler                         0x080004b1   Thumb Code     2  stm32h7xx_it.o(.text.DebugMon_Handler)
    Error_Handler                            0x080004b9   Thumb Code    14  main.o(.text.Error_Handler)
    ExitRun0Mode                             0x080004c9   Thumb Code    40  system_stm32h7xx.o(.text.ExitRun0Mode)
    HAL_GPIO_Init                            0x080004f1   Thumb Code   936  stm32h7xx_hal_gpio.o(.text.HAL_GPIO_Init)
    HAL_GPIO_TogglePin                       0x08000899   Thumb Code    38  stm32h7xx_hal_gpio.o(.text.HAL_GPIO_TogglePin)
    HAL_GPIO_WritePin                        0x080008c1   Thumb Code    46  stm32h7xx_hal_gpio.o(.text.HAL_GPIO_WritePin)
    HAL_GetTick                              0x080008f1   Thumb Code    12  stm32h7xx_hal.o(.text.HAL_GetTick)
    HAL_IncTick                              0x08000901   Thumb Code    26  stm32h7xx_hal.o(.text.HAL_IncTick)
    HAL_Init                                 0x08000921   Thumb Code   122  stm32h7xx_hal.o(.text.HAL_Init)
    HAL_InitTick                             0x080009a1   Thumb Code   134  stm32h7xx_hal.o(.text.HAL_InitTick)
    HAL_MPU_ConfigRegion                     0x08000a29   Thumb Code   128  stm32h7xx_hal_cortex.o(.text.HAL_MPU_ConfigRegion)
    HAL_MPU_Disable                          0x08000aa9   Thumb Code    34  stm32h7xx_hal_cortex.o(.text.HAL_MPU_Disable)
    HAL_MPU_Enable                           0x08000ad1   Thumb Code    48  stm32h7xx_hal_cortex.o(.text.HAL_MPU_Enable)
    HAL_MspInit                              0x08000b01   Thumb Code    36  stm32h7xx_hal_msp.o(.text.HAL_MspInit)
    HAL_NVIC_SetPriority                     0x08000b29   Thumb Code    46  stm32h7xx_hal_cortex.o(.text.HAL_NVIC_SetPriority)
    HAL_NVIC_SetPriorityGrouping             0x08000b59   Thumb Code    16  stm32h7xx_hal_cortex.o(.text.HAL_NVIC_SetPriorityGrouping)
    HAL_PWREx_ConfigSupply                   0x08000b69   Thumb Code   162  stm32h7xx_hal_pwr_ex.o(.text.HAL_PWREx_ConfigSupply)
    HAL_RCC_ClockConfig                      0x08000c11   Thumb Code  1176  stm32h7xx_hal_rcc.o(.text.HAL_RCC_ClockConfig)
    HAL_RCC_GetSysClockFreq                  0x080010a9   Thumb Code   748  stm32h7xx_hal_rcc.o(.text.HAL_RCC_GetSysClockFreq)
    HAL_RCC_OscConfig                        0x080013a9   Thumb Code  2592  stm32h7xx_hal_rcc.o(.text.HAL_RCC_OscConfig)
    HAL_SYSTICK_Config                       0x08001dc9   Thumb Code    16  stm32h7xx_hal_cortex.o(.text.HAL_SYSTICK_Config)
    HardFault_Handler                        0x08001dd9   Thumb Code     4  stm32h7xx_it.o(.text.HardFault_Handler)
    MemManage_Handler                        0x08001eb9   Thumb Code     4  stm32h7xx_it.o(.text.MemManage_Handler)
    NMI_Handler                              0x08001ec1   Thumb Code     4  stm32h7xx_it.o(.text.NMI_Handler)
    PendSV_Handler                           0x08001f39   Thumb Code     2  stm32h7xx_it.o(.text.PendSV_Handler)
    SVC_Handler                              0x08001f41   Thumb Code     2  stm32h7xx_it.o(.text.SVC_Handler)
    SysTick_Handler                          0x08001fa1   Thumb Code    58  stm32h7xx_it.o(.text.SysTick_Handler)
    SystemClock_Config                       0x08001fe1   Thumb Code   202  main.o(.text.SystemClock_Config)
    SystemInit                               0x080020b1   Thumb Code   358  system_stm32h7xx.o(.text.SystemInit)
    UsageFault_Handler                       0x08002219   Thumb Code     4  stm32h7xx_it.o(.text.UsageFault_Handler)
    main                                     0x080022b9   Thumb Code    28  main.o(.text.main)
    _fp_init                                 0x080022d5   Thumb Code    26  fpinit.o(x$fpl$fpinit)
    __fplib_config_fpu_vfp                   0x080022ed   Thumb Code     0  fpinit.o(x$fpl$fpinit)
    __fplib_config_pureend_doubles           0x080022ed   Thumb Code     0  fpinit.o(x$fpl$fpinit)
    D1CorePrescTable                         0x080022ee   Data          16  system_stm32h7xx.o(.rodata.D1CorePrescTable)
    Region$$Table$$Base                      0x08002300   Number         0  anon$$obj.o(Region$$Table)
    Region$$Table$$Limit                     0x08002320   Number         0  anon$$obj.o(Region$$Table)
    SystemCoreClock                          0x24000000   Data           4  system_stm32h7xx.o(.data.SystemCoreClock)
    SystemD2Clock                            0x24000004   Data           4  system_stm32h7xx.o(.data.SystemD2Clock)
    uwTickFreq                               0x24000008   Data           1  stm32h7xx_hal.o(.data.uwTickFreq)
    uwTickPrio                               0x2400000c   Data           4  stm32h7xx_hal.o(.data.uwTickPrio)
    __libspace_start                         0x24000010   Data          96  libspace.o(.bss)
    __temporary_stack_top$libspace           0x24000070   Data           0  libspace.o(.bss)
    uwTick                                   0x24000074   Data           4  stm32h7xx_hal.o(.bss.uwTick)



==============================================================================

Memory Map of the image

  Image Entry point : 0x080002cd

  Load Region LR_IROM1 (Base: 0x08000000, Size: 0x00002330, Max: 0x00100000, ABSOLUTE)

    Execution Region ER_IROM1 (Exec base: 0x08000000, Load base: 0x08000000, Size: 0x00002320, Max: 0x00100000, ABSOLUTE)

    Exec Addr    Load Addr    Size         Type   Attr      Idx    E Section Name        Object

    0x08000000   0x08000000   0x000002cc   Data   RO            3    RESET               startup_stm32h723xx.o
    0x080002cc   0x080002cc   0x00000008   Code   RO          987  * !!!main             c_w.l(__main.o)
    0x080002d4   0x080002d4   0x0000005c   Code   RO         1152    !!!scatter          c_w.l(__scatter.o)
    0x08000330   0x08000330   0x0000001a   Code   RO         1156    !!handler_copy      c_w.l(__scatter_copy.o)
    0x0800034a   0x0800034a   0x00000002   PAD
    0x0800034c   0x0800034c   0x00000002   Code   RO         1153    !!handler_null      c_w.l(__scatter.o)
    0x0800034e   0x0800034e   0x00000002   PAD
    0x08000350   0x08000350   0x0000001c   Code   RO         1158    !!handler_zi        c_w.l(__scatter_zi.o)
    0x0800036c   0x0800036c   0x00000002   Code   RO         1014    .ARM.Collect$$libinit$$00000000  c_w.l(libinit.o)
    0x0800036e   0x0800036e   0x00000004   Code   RO         1020    .ARM.Collect$$libinit$$00000001  c_w.l(libinit2.o)
    0x08000372   0x08000372   0x00000000   Code   RO         1023    .ARM.Collect$$libinit$$00000004  c_w.l(libinit2.o)
    0x08000372   0x08000372   0x00000000   Code   RO         1025    .ARM.Collect$$libinit$$00000006  c_w.l(libinit2.o)
    0x08000372   0x08000372   0x00000000   Code   RO         1028    .ARM.Collect$$libinit$$0000000C  c_w.l(libinit2.o)
    0x08000372   0x08000372   0x00000000   Code   RO         1030    .ARM.Collect$$libinit$$0000000E  c_w.l(libinit2.o)
    0x08000372   0x08000372   0x00000000   Code   RO         1032    .ARM.Collect$$libinit$$00000010  c_w.l(libinit2.o)
    0x08000372   0x08000372   0x00000000   Code   RO         1035    .ARM.Collect$$libinit$$00000013  c_w.l(libinit2.o)
    0x08000372   0x08000372   0x00000000   Code   RO         1037    .ARM.Collect$$libinit$$00000015  c_w.l(libinit2.o)
    0x08000372   0x08000372   0x00000000   Code   RO         1039    .ARM.Collect$$libinit$$00000017  c_w.l(libinit2.o)
    0x08000372   0x08000372   0x00000000   Code   RO         1041    .ARM.Collect$$libinit$$00000019  c_w.l(libinit2.o)
    0x08000372   0x08000372   0x00000000   Code   RO         1043    .ARM.Collect$$libinit$$0000001B  c_w.l(libinit2.o)
    0x08000372   0x08000372   0x00000000   Code   RO         1045    .ARM.Collect$$libinit$$0000001D  c_w.l(libinit2.o)
    0x08000372   0x08000372   0x00000000   Code   RO         1047    .ARM.Collect$$libinit$$0000001F  c_w.l(libinit2.o)
    0x08000372   0x08000372   0x00000000   Code   RO         1049    .ARM.Collect$$libinit$$00000021  c_w.l(libinit2.o)
    0x08000372   0x08000372   0x00000000   Code   RO         1051    .ARM.Collect$$libinit$$00000023  c_w.l(libinit2.o)
    0x08000372   0x08000372   0x00000000   Code   RO         1053    .ARM.Collect$$libinit$$00000025  c_w.l(libinit2.o)
    0x08000372   0x08000372   0x00000000   Code   RO         1055    .ARM.Collect$$libinit$$00000027  c_w.l(libinit2.o)
    0x08000372   0x08000372   0x00000000   Code   RO         1059    .ARM.Collect$$libinit$$0000002E  c_w.l(libinit2.o)
    0x08000372   0x08000372   0x00000000   Code   RO         1061    .ARM.Collect$$libinit$$00000030  c_w.l(libinit2.o)
    0x08000372   0x08000372   0x00000000   Code   RO         1063    .ARM.Collect$$libinit$$00000032  c_w.l(libinit2.o)
    0x08000372   0x08000372   0x00000000   Code   RO         1065    .ARM.Collect$$libinit$$00000034  c_w.l(libinit2.o)
    0x08000372   0x08000372   0x00000002   Code   RO         1066    .ARM.Collect$$libinit$$00000035  c_w.l(libinit2.o)
    0x08000374   0x08000374   0x00000002   Code   RO         1088    .ARM.Collect$$libshutdown$$00000000  c_w.l(libshutdown.o)
    0x08000376   0x08000376   0x00000000   Code   RO         1103    .ARM.Collect$$libshutdown$$00000002  c_w.l(libshutdown2.o)
    0x08000376   0x08000376   0x00000000   Code   RO         1105    .ARM.Collect$$libshutdown$$00000004  c_w.l(libshutdown2.o)
    0x08000376   0x08000376   0x00000000   Code   RO         1108    .ARM.Collect$$libshutdown$$00000007  c_w.l(libshutdown2.o)
    0x08000376   0x08000376   0x00000000   Code   RO         1111    .ARM.Collect$$libshutdown$$0000000A  c_w.l(libshutdown2.o)
    0x08000376   0x08000376   0x00000000   Code   RO         1113    .ARM.Collect$$libshutdown$$0000000C  c_w.l(libshutdown2.o)
    0x08000376   0x08000376   0x00000000   Code   RO         1116    .ARM.Collect$$libshutdown$$0000000F  c_w.l(libshutdown2.o)
    0x08000376   0x08000376   0x00000002   Code   RO         1117    .ARM.Collect$$libshutdown$$00000010  c_w.l(libshutdown2.o)
    0x08000378   0x08000378   0x00000000   Code   RO          989    .ARM.Collect$$rtentry$$00000000  c_w.l(__rtentry.o)
    0x08000378   0x08000378   0x00000000   Code   RO          991    .ARM.Collect$$rtentry$$00000002  c_w.l(__rtentry2.o)
    0x08000378   0x08000378   0x00000006   Code   RO         1003    .ARM.Collect$$rtentry$$00000004  c_w.l(__rtentry4.o)
    0x0800037e   0x0800037e   0x00000000   Code   RO          993    .ARM.Collect$$rtentry$$00000009  c_w.l(__rtentry2.o)
    0x0800037e   0x0800037e   0x00000004   Code   RO          994    .ARM.Collect$$rtentry$$0000000A  c_w.l(__rtentry2.o)
    0x08000382   0x08000382   0x00000000   Code   RO          996    .ARM.Collect$$rtentry$$0000000C  c_w.l(__rtentry2.o)
    0x08000382   0x08000382   0x00000008   Code   RO          997    .ARM.Collect$$rtentry$$0000000D  c_w.l(__rtentry2.o)
    0x0800038a   0x0800038a   0x00000002   Code   RO         1018    .ARM.Collect$$rtexit$$00000000  c_w.l(rtexit.o)
    0x0800038c   0x0800038c   0x00000000   Code   RO         1068    .ARM.Collect$$rtexit$$00000002  c_w.l(rtexit2.o)
    0x0800038c   0x0800038c   0x00000004   Code   RO         1069    .ARM.Collect$$rtexit$$00000003  c_w.l(rtexit2.o)
    0x08000390   0x08000390   0x00000006   Code   RO         1070    .ARM.Collect$$rtexit$$00000004  c_w.l(rtexit2.o)
    0x08000396   0x08000396   0x00000002   PAD
    0x08000398   0x08000398   0x00000048   Code   RO            4    .text               startup_stm32h723xx.o
    0x080003e0   0x080003e0   0x0000004e   Code   RO          983    .text               c_w.l(rt_memclr_w.o)
    0x0800042e   0x0800042e   0x00000006   Code   RO          985    .text               c_w.l(heapauxi.o)
    0x08000434   0x08000434   0x0000004a   Code   RO         1005    .text               c_w.l(sys_stackheap_outer.o)
    0x0800047e   0x0800047e   0x00000012   Code   RO         1007    .text               c_w.l(exit.o)
    0x08000490   0x08000490   0x00000008   Code   RO         1015    .text               c_w.l(libspace.o)
    0x08000498   0x08000498   0x0000000c   Code   RO         1078    .text               c_w.l(sys_exit.o)
    0x080004a4   0x080004a4   0x00000002   Code   RO         1093    .text               c_w.l(use_no_semi.o)
    0x080004a6   0x080004a6   0x00000000   Code   RO         1095    .text               c_w.l(indicate_semi.o)
    0x080004a6   0x080004a6   0x00000002   PAD
    0x080004a8   0x080004a8   0x00000004   Code   RO           35    .text.BusFault_Handler  stm32h7xx_it.o
    0x080004ac   0x080004ac   0x00000004   PAD
    0x080004b0   0x080004b0   0x00000002   Code   RO           41    .text.DebugMon_Handler  stm32h7xx_it.o
    0x080004b2   0x080004b2   0x00000006   PAD
    0x080004b8   0x080004b8   0x0000000e   Code   RO           19    .text.Error_Handler  main.o
    0x080004c6   0x080004c6   0x00000002   PAD
    0x080004c8   0x080004c8   0x00000028   Code   RO          970    .text.ExitRun0Mode  system_stm32h7xx.o
    0x080004f0   0x080004f0   0x000003a8   Code   RO          341    .text.HAL_GPIO_Init  stm32h7xx_hal_gpio.o
    0x08000898   0x08000898   0x00000026   Code   RO          349    .text.HAL_GPIO_TogglePin  stm32h7xx_hal_gpio.o
    0x080008be   0x080008be   0x00000002   PAD
    0x080008c0   0x080008c0   0x0000002e   Code   RO          347    .text.HAL_GPIO_WritePin  stm32h7xx_hal_gpio.o
    0x080008ee   0x080008ee   0x00000002   PAD
    0x080008f0   0x080008f0   0x0000000c   Code   RO          645    .text.HAL_GetTick   stm32h7xx_hal.o
    0x080008fc   0x080008fc   0x00000004   PAD
    0x08000900   0x08000900   0x0000001a   Code   RO          643    .text.HAL_IncTick   stm32h7xx_hal.o
    0x0800091a   0x0800091a   0x00000006   PAD
    0x08000920   0x08000920   0x0000007a   Code   RO          633    .text.HAL_Init      stm32h7xx_hal.o
    0x0800099a   0x0800099a   0x00000006   PAD
    0x080009a0   0x080009a0   0x00000086   Code   RO          635    .text.HAL_InitTick  stm32h7xx_hal.o
    0x08000a26   0x08000a26   0x00000002   PAD
    0x08000a28   0x08000a28   0x00000080   Code   RO           99    .text.HAL_MPU_ConfigRegion  stm32h7xx_hal_cortex.o
    0x08000aa8   0x08000aa8   0x00000022   Code   RO           91    .text.HAL_MPU_Disable  stm32h7xx_hal_cortex.o
    0x08000aca   0x08000aca   0x00000006   PAD
    0x08000ad0   0x08000ad0   0x00000030   Code   RO           93    .text.HAL_MPU_Enable  stm32h7xx_hal_cortex.o
    0x08000b00   0x08000b00   0x00000024   Code   RO           55    .text.HAL_MspInit   stm32h7xx_hal_msp.o
    0x08000b24   0x08000b24   0x00000004   PAD
    0x08000b28   0x08000b28   0x0000002e   Code   RO           67    .text.HAL_NVIC_SetPriority  stm32h7xx_hal_cortex.o
    0x08000b56   0x08000b56   0x00000002   PAD
    0x08000b58   0x08000b58   0x00000010   Code   RO           63    .text.HAL_NVIC_SetPriorityGrouping  stm32h7xx_hal_cortex.o
    0x08000b68   0x08000b68   0x000000a2   Code   RO          550    .text.HAL_PWREx_ConfigSupply  stm32h7xx_hal_pwr_ex.o
    0x08000c0a   0x08000c0a   0x00000006   PAD
    0x08000c10   0x08000c10   0x00000498   Code   RO          144    .text.HAL_RCC_ClockConfig  stm32h7xx_hal_rcc.o
    0x080010a8   0x080010a8   0x000002fc   Code   RO          146    .text.HAL_RCC_GetSysClockFreq  stm32h7xx_hal_rcc.o
    0x080013a4   0x080013a4   0x00000004   PAD
    0x080013a8   0x080013a8   0x00000a20   Code   RO          142    .text.HAL_RCC_OscConfig  stm32h7xx_hal_rcc.o
    0x08001dc8   0x08001dc8   0x00000010   Code   RO           87    .text.HAL_SYSTICK_Config  stm32h7xx_hal_cortex.o
    0x08001dd8   0x08001dd8   0x00000004   Code   RO           31    .text.HardFault_Handler  stm32h7xx_it.o
    0x08001ddc   0x08001ddc   0x00000004   PAD
    0x08001de0   0x08001de0   0x00000056   Code   RO           13    .text.MPU_Config    main.o
    0x08001e36   0x08001e36   0x00000002   PAD
    0x08001e38   0x08001e38   0x0000007c   Code   RO           17    .text.MX_GPIO_Init  main.o
    0x08001eb4   0x08001eb4   0x00000004   PAD
    0x08001eb8   0x08001eb8   0x00000004   Code   RO           33    .text.MemManage_Handler  stm32h7xx_it.o
    0x08001ebc   0x08001ebc   0x00000004   PAD
    0x08001ec0   0x08001ec0   0x00000004   Code   RO           29    .text.NMI_Handler   stm32h7xx_it.o
    0x08001ec4   0x08001ec4   0x00000004   PAD
    0x08001ec8   0x08001ec8   0x0000006c   Code   RO           73    .text.NVIC_EncodePriority  stm32h7xx_hal_cortex.o
    0x08001f34   0x08001f34   0x00000004   PAD
    0x08001f38   0x08001f38   0x00000002   Code   RO           43    .text.PendSV_Handler  stm32h7xx_it.o
    0x08001f3a   0x08001f3a   0x00000006   PAD
    0x08001f40   0x08001f40   0x00000002   Code   RO           39    .text.SVC_Handler   stm32h7xx_it.o
    0x08001f42   0x08001f42   0x00000006   PAD
    0x08001f48   0x08001f48   0x00000052   Code   RO           89    .text.SysTick_Config  stm32h7xx_hal_cortex.o
    0x08001f9a   0x08001f9a   0x00000006   PAD
    0x08001fa0   0x08001fa0   0x0000003a   Code   RO           45    .text.SysTick_Handler  stm32h7xx_it.o
    0x08001fda   0x08001fda   0x00000006   PAD
    0x08001fe0   0x08001fe0   0x000000ca   Code   RO           15    .text.SystemClock_Config  main.o
    0x080020aa   0x080020aa   0x00000006   PAD
    0x080020b0   0x080020b0   0x00000166   Code   RO          966    .text.SystemInit    system_stm32h7xx.o
    0x08002216   0x08002216   0x00000002   PAD
    0x08002218   0x08002218   0x00000004   Code   RO           37    .text.UsageFault_Handler  stm32h7xx_it.o
    0x0800221c   0x0800221c   0x00000004   PAD
    0x08002220   0x08002220   0x00000010   Code   RO           69    .text.__NVIC_GetPriorityGrouping  stm32h7xx_hal_cortex.o
    0x08002230   0x08002230   0x00000042   Code   RO           71    .text.__NVIC_SetPriority  stm32h7xx_hal_cortex.o
    0x08002272   0x08002272   0x00000006   PAD
    0x08002278   0x08002278   0x0000003c   Code   RO           65    .text.__NVIC_SetPriorityGrouping  stm32h7xx_hal_cortex.o
    0x080022b4   0x080022b4   0x00000004   PAD
    0x080022b8   0x080022b8   0x0000001c   Code   RO           11    .text.main          main.o
    0x080022d4   0x080022d4   0x0000001a   Code   RO         1076    x$fpl$fpinit        fz_wv.l(fpinit.o)
    0x080022ee   0x080022ee   0x00000010   Data   RO          974    .rodata.D1CorePrescTable  system_stm32h7xx.o
    0x080022fe   0x080022fe   0x00000002   PAD
    0x08002300   0x08002300   0x00000020   Data   RO         1151    Region$$Table       anon$$obj.o


    Execution Region RW_IRAM1 (Exec base: 0x20000000, Load base: 0x08002320, Size: 0x00000000, Max: 0x00020000, ABSOLUTE)

    **** No section assigned to this execution region ****


    Execution Region RW_IRAM2 (Exec base: 0x24000000, Load base: 0x08002320, Size: 0x00000678, Max: 0x00050000, ABSOLUTE)

    Exec Addr    Load Addr    Size         Type   Attr      Idx    E Section Name        Object

    0x24000000   0x08002320   0x00000004   Data   RW          972    .data.SystemCoreClock  system_stm32h7xx.o
    0x24000004   0x08002324   0x00000004   Data   RW          973    .data.SystemD2Clock  system_stm32h7xx.o
    0x24000008   0x08002328   0x00000001   Data   RW          742    .data.uwTickFreq    stm32h7xx_hal.o
    0x24000009   0x08002329   0x00000003   PAD
    0x2400000c   0x0800232c   0x00000004   Data   RW          741    .data.uwTickPrio    stm32h7xx_hal.o
    0x24000010        -       0x00000060   Zero   RW         1016    .bss                c_w.l(libspace.o)
    0x24000070        -       0x00000002   Zero   RW           47    .bss.SysTick_Handler.idx  stm32h7xx_it.o
    0x24000072   0x08002330   0x00000002   PAD
    0x24000074        -       0x00000004   Zero   RW          743    .bss.uwTick         stm32h7xx_hal.o
    0x24000078        -       0x00000200   Zero   RW            2    HEAP                startup_stm32h723xx.o
    0x24000278        -       0x00000400   Zero   RW            1    STACK               startup_stm32h723xx.o


==============================================================================

Image component sizes


      Code (inc. data)   RO Data    RW Data    ZI Data      Debug   Object Name

       454          0          0          0          0       5008   main.o
        72         30        716          0       1536        840   startup_stm32h723xx.o
       294          0          0          5          4      14601   stm32h7xx_hal.o
       620          0          0          0          0      11481   stm32h7xx_hal_cortex.o
      1020          0          0          0          0       6988   stm32h7xx_hal_gpio.o
        36          0          0          0          0       2213   stm32h7xx_hal_msp.o
       162          0          0          0          0       9306   stm32h7xx_hal_pwr_ex.o
      4532         66          0          0          0      11377   stm32h7xx_hal_rcc.o
        84          0          0          0          2       1638   stm32h7xx_it.o
       398          0         16          8          0       5537   system_stm32h7xx.o

    ----------------------------------------------------------------------
      7796        100        766         16       1544      68989   Object Totals
         0          0         32          0          0          0   (incl. Generated)
       124          4          2          3          2          0   (incl. Padding)

    ----------------------------------------------------------------------

      Code (inc. data)   RO Data    RW Data    ZI Data      Debug   Library Member Name

         8          0          0          0          0         68   __main.o
         0          0          0          0          0          0   __rtentry.o
        12          0          0          0          0          0   __rtentry2.o
         6          0          0          0          0          0   __rtentry4.o
        94          8          0          0          0          0   __scatter.o
        26          0          0          0          0          0   __scatter_copy.o
        28          0          0          0          0          0   __scatter_zi.o
        18          0          0          0          0         80   exit.o
         6          0          0          0          0        152   heapauxi.o
         0          0          0          0          0          0   indicate_semi.o
         2          0          0          0          0          0   libinit.o
         6          0          0          0          0          0   libinit2.o
         2          0          0          0          0          0   libshutdown.o
         2          0          0          0          0          0   libshutdown2.o
         8          4          0          0         96         68   libspace.o
        78          0          0          0          0         80   rt_memclr_w.o
         2          0          0          0          0          0   rtexit.o
        10          0          0          0          0          0   rtexit2.o
        12          4          0          0          0         68   sys_exit.o
        74          0          0          0          0         80   sys_stackheap_outer.o
         2          0          0          0          0         68   use_no_semi.o
        26          0          0          0          0        116   fpinit.o

    ----------------------------------------------------------------------
       430         16          0          0         96        780   Library Totals
         8          0          0          0          0          0   (incl. Padding)

    ----------------------------------------------------------------------

      Code (inc. data)   RO Data    RW Data    ZI Data      Debug   Library Name

       396         16          0          0         96        664   c_w.l
        26          0          0          0          0        116   fz_wv.l

    ----------------------------------------------------------------------
       430         16          0          0         96        780   Library Totals

    ----------------------------------------------------------------------

==============================================================================


      Code (inc. data)   RO Data    RW Data    ZI Data      Debug   

      8226        116        766         16       1640      69469   Grand Totals
      8226        116        766         16       1640      69469   ELF Image Totals
      8226        116        766         16          0          0   ROM Totals

==============================================================================

    Total RO  Size (Code + RO Data)                 8992 (   8.78kB)
    Total RW  Size (RW Data + ZI Data)              1656 (   1.62kB)
    Total ROM Size (Code + RO Data + RW Data)       9008 (   8.80kB)

==============================================================================

